Archive member included to satisfy reference by file (symbol)

/home/martin/opt/st/stm32cubeide_1.5.1/plugins/com.st.stm32cube.ide.mcu.externaltools.gnu-tools-for-stm32.7-2018-q2-update.linux64_1.5.0.202011040924/tools/bin/../lib/gcc/arm-none-eabi/7.3.1/../../../../arm-none-eabi/lib/thumb/v7e-m/fpv4-sp/hard/libc_nano.a(lib_a-errno.o)
                              Core/Src/syscalls.o (__errno)
/home/martin/opt/st/stm32cubeide_1.5.1/plugins/com.st.stm32cube.ide.mcu.externaltools.gnu-tools-for-stm32.7-2018-q2-update.linux64_1.5.0.202011040924/tools/bin/../lib/gcc/arm-none-eabi/7.3.1/../../../../arm-none-eabi/lib/thumb/v7e-m/fpv4-sp/hard/libc_nano.a(lib_a-exit.o)
                              /home/martin/opt/st/stm32cubeide_1.5.1/plugins/com.st.stm32cube.ide.mcu.externaltools.gnu-tools-for-stm32.7-2018-q2-update.linux64_1.5.0.202011040924/tools/bin/../lib/gcc/arm-none-eabi/7.3.1/../../../../arm-none-eabi/lib/thumb/v7e-m/fpv4-sp/hard/crt0.o (exit)
/home/martin/opt/st/stm32cubeide_1.5.1/plugins/com.st.stm32cube.ide.mcu.externaltools.gnu-tools-for-stm32.7-2018-q2-update.linux64_1.5.0.202011040924/tools/bin/../lib/gcc/arm-none-eabi/7.3.1/../../../../arm-none-eabi/lib/thumb/v7e-m/fpv4-sp/hard/libc_nano.a(lib_a-impure.o)
                              /home/martin/opt/st/stm32cubeide_1.5.1/plugins/com.st.stm32cube.ide.mcu.externaltools.gnu-tools-for-stm32.7-2018-q2-update.linux64_1.5.0.202011040924/tools/bin/../lib/gcc/arm-none-eabi/7.3.1/../../../../arm-none-eabi/lib/thumb/v7e-m/fpv4-sp/hard/libc_nano.a(lib_a-exit.o) (_global_impure_ptr)
/home/martin/opt/st/stm32cubeide_1.5.1/plugins/com.st.stm32cube.ide.mcu.externaltools.gnu-tools-for-stm32.7-2018-q2-update.linux64_1.5.0.202011040924/tools/bin/../lib/gcc/arm-none-eabi/7.3.1/../../../../arm-none-eabi/lib/thumb/v7e-m/fpv4-sp/hard/libc_nano.a(lib_a-init.o)
                              /home/martin/opt/st/stm32cubeide_1.5.1/plugins/com.st.stm32cube.ide.mcu.externaltools.gnu-tools-for-stm32.7-2018-q2-update.linux64_1.5.0.202011040924/tools/bin/../lib/gcc/arm-none-eabi/7.3.1/../../../../arm-none-eabi/lib/thumb/v7e-m/fpv4-sp/hard/crt0.o (__libc_init_array)
/home/martin/opt/st/stm32cubeide_1.5.1/plugins/com.st.stm32cube.ide.mcu.externaltools.gnu-tools-for-stm32.7-2018-q2-update.linux64_1.5.0.202011040924/tools/bin/../lib/gcc/arm-none-eabi/7.3.1/../../../../arm-none-eabi/lib/thumb/v7e-m/fpv4-sp/hard/libc_nano.a(lib_a-malloc.o)
                              Middlewares/ST/STM32_USB_Device_Library/Class/CDC/Src/usbd_cdc.o (malloc)
/home/martin/opt/st/stm32cubeide_1.5.1/plugins/com.st.stm32cube.ide.mcu.externaltools.gnu-tools-for-stm32.7-2018-q2-update.linux64_1.5.0.202011040924/tools/bin/../lib/gcc/arm-none-eabi/7.3.1/../../../../arm-none-eabi/lib/thumb/v7e-m/fpv4-sp/hard/libc_nano.a(lib_a-memcpy-stub.o)
                              VL53L0X_1.0.2/Api/core/src/vl53l0x_api_calibration.o (memcpy)
/home/martin/opt/st/stm32cubeide_1.5.1/plugins/com.st.stm32cube.ide.mcu.externaltools.gnu-tools-for-stm32.7-2018-q2-update.linux64_1.5.0.202011040924/tools/bin/../lib/gcc/arm-none-eabi/7.3.1/../../../../arm-none-eabi/lib/thumb/v7e-m/fpv4-sp/hard/libc_nano.a(lib_a-memset.o)
                              /home/martin/opt/st/stm32cubeide_1.5.1/plugins/com.st.stm32cube.ide.mcu.externaltools.gnu-tools-for-stm32.7-2018-q2-update.linux64_1.5.0.202011040924/tools/bin/../lib/gcc/arm-none-eabi/7.3.1/../../../../arm-none-eabi/lib/thumb/v7e-m/fpv4-sp/hard/crt0.o (memset)
/home/martin/opt/st/stm32cubeide_1.5.1/plugins/com.st.stm32cube.ide.mcu.externaltools.gnu-tools-for-stm32.7-2018-q2-update.linux64_1.5.0.202011040924/tools/bin/../lib/gcc/arm-none-eabi/7.3.1/../../../../arm-none-eabi/lib/thumb/v7e-m/fpv4-sp/hard/libc_nano.a(lib_a-nano-freer.o)
                              /home/martin/opt/st/stm32cubeide_1.5.1/plugins/com.st.stm32cube.ide.mcu.externaltools.gnu-tools-for-stm32.7-2018-q2-update.linux64_1.5.0.202011040924/tools/bin/../lib/gcc/arm-none-eabi/7.3.1/../../../../arm-none-eabi/lib/thumb/v7e-m/fpv4-sp/hard/libc_nano.a(lib_a-malloc.o) (_free_r)
/home/martin/opt/st/stm32cubeide_1.5.1/plugins/com.st.stm32cube.ide.mcu.externaltools.gnu-tools-for-stm32.7-2018-q2-update.linux64_1.5.0.202011040924/tools/bin/../lib/gcc/arm-none-eabi/7.3.1/../../../../arm-none-eabi/lib/thumb/v7e-m/fpv4-sp/hard/libc_nano.a(lib_a-nano-mallocr.o)
                              /home/martin/opt/st/stm32cubeide_1.5.1/plugins/com.st.stm32cube.ide.mcu.externaltools.gnu-tools-for-stm32.7-2018-q2-update.linux64_1.5.0.202011040924/tools/bin/../lib/gcc/arm-none-eabi/7.3.1/../../../../arm-none-eabi/lib/thumb/v7e-m/fpv4-sp/hard/libc_nano.a(lib_a-malloc.o) (_malloc_r)
/home/martin/opt/st/stm32cubeide_1.5.1/plugins/com.st.stm32cube.ide.mcu.externaltools.gnu-tools-for-stm32.7-2018-q2-update.linux64_1.5.0.202011040924/tools/bin/../lib/gcc/arm-none-eabi/7.3.1/../../../../arm-none-eabi/lib/thumb/v7e-m/fpv4-sp/hard/libc_nano.a(lib_a-sbrkr.o)
[...]
Memory Configuration

Name             Origin             Length             Attributes
RAM              0x0000000020000000 0x0000000000020000 xrw
FLASH            0x0000000008000000 0x0000000000080000 xr
*default*        0x0000000000000000 0xffffffffffffffff

Linker script and memory map

LOAD /home/martin/opt/st/stm32cubeide_1.5.1/plugins/com.st.stm32cube.ide.mcu.externaltools.gnu-tools-for-stm32.7-2018-q2-update.linux64_1.5.0.202011040924/tools/bin/../lib/gcc/arm-none-eabi/7.3.1/thumb/v7e-m/fpv4-sp/hard/crti.o
LOAD /home/martin/opt/st/stm32cubeide_1.5.1/plugins/com.st.stm32cube.ide.mcu.externaltools.gnu-tools-for-stm32.7-2018-q2-update.linux64_1.5.0.202011040924/tools/bin/../lib/gcc/arm-none-eabi/7.3.1/thumb/v7e-m/fpv4-sp/hard/crtbegin.o
LOAD /home/martin/opt/st/stm32cubeide_1.5.1/plugins/com.st.stm32cube.ide.mcu.externaltools.gnu-tools-for-stm32.7-2018-q2-update.linux64_1.5.0.202011040924/tools/bin/../lib/gcc/arm-none-eabi/7.3.1/../../../../arm-none-eabi/lib/thumb/v7e-m/fpv4-sp/hard/crt0.o
LOAD Core/Src/main.o
LOAD Core/Src/stm32f4xx_hal_msp.o
LOAD Core/Src/stm32f4xx_it.o
LOAD Core/Src/syscalls.o
LOAD Core/Src/sysmem.o
LOAD Core/Src/system_stm32f4xx.o
LOAD Core/Startup/startup_stm32f411ceux.o
LOAD Drivers/STM32F4xx_HAL_Driver/Src/stm32f4xx_hal.o
LOAD Drivers/STM32F4xx_HAL_Driver/Src/stm32f4xx_hal_cortex.o
LOAD Drivers/STM32F4xx_HAL_Driver/Src/stm32f4xx_hal_dma.o
LOAD Drivers/STM32F4xx_HAL_Driver/Src/stm32f4xx_hal_dma_ex.o
LOAD Drivers/STM32F4xx_HAL_Driver/Src/stm32f4xx_hal_exti.o
LOAD Drivers/STM32F4xx_HAL_Driver/Src/stm32f4xx_hal_flash.o
LOAD Drivers/STM32F4xx_HAL_Driver/Src/stm32f4xx_hal_flash_ex.o
LOAD Drivers/STM32F4xx_HAL_Driver/Src/stm32f4xx_hal_flash_ramfunc.o
LOAD Drivers/STM32F4xx_HAL_Driver/Src/stm32f4xx_hal_gpio.o
LOAD Drivers/STM32F4xx_HAL_Driver/Src/stm32f4xx_hal_i2c.o
LOAD Drivers/STM32F4xx_HAL_Driver/Src/stm32f4xx_hal_i2c_ex.o
LOAD Drivers/STM32F4xx_HAL_Driver/Src/stm32f4xx_hal_pcd.o
LOAD Drivers/STM32F4xx_HAL_Driver/Src/stm32f4xx_hal_pcd_ex.o
LOAD Drivers/STM32F4xx_HAL_Driver/Src/stm32f4xx_hal_pwr.o
LOAD Drivers/STM32F4xx_HAL_Driver/Src/stm32f4xx_hal_pwr_ex.o
LOAD Drivers/STM32F4xx_HAL_Driver/Src/stm32f4xx_hal_rcc.o
LOAD Drivers/STM32F4xx_HAL_Driver/Src/stm32f4xx_hal_rcc_ex.o
LOAD Drivers/STM32F4xx_HAL_Driver/Src/stm32f4xx_hal_tim.o
LOAD Drivers/STM32F4xx_HAL_Driver/Src/stm32f4xx_hal_tim_ex.o
LOAD Drivers/STM32F4xx_HAL_Driver/Src/stm32f4xx_ll_usb.o
LOAD Middlewares/ST/STM32_USB_Device_Library/Class/CDC/Src/usbd_cdc.o
LOAD Middlewares/ST/STM32_USB_Device_Library/Core/Src/usbd_core.o
LOAD Middlewares/ST/STM32_USB_Device_Library/Core/Src/usbd_ctlreq.o
LOAD Middlewares/ST/STM32_USB_Device_Library/Core/Src/usbd_ioreq.o
LOAD USB_DEVICE/App/usb_device.o
LOAD USB_DEVICE/App/usbd_cdc_if.o
LOAD USB_DEVICE/App/usbd_desc.o
LOAD USB_DEVICE/Target/usbd_conf.o
LOAD VL53L0X_1.0.2/Api/core/src/vl53l0x_api.o
LOAD VL53L0X_1.0.2/Api/core/src/vl53l0x_api_calibration.o
LOAD VL53L0X_1.0.2/Api/core/src/vl53l0x_api_core.o
LOAD VL53L0X_1.0.2/Api/core/src/vl53l0x_api_ranging.o
LOAD VL53L0X_1.0.2/Api/core/src/vl53l0x_api_strings.o
LOAD VL53L0X_1.0.2/Api/platform/src/vl53l0x_i2c_win_serial_comms.o
LOAD VL53L0X_1.0.2/Api/platform/src/vl53l0x_platform.o
START GROUP
LOAD /home/martin/opt/st/stm32cubeide_1.5.1/plugins/com.st.stm32cube.ide.mcu.externaltools.gnu-tools-for-stm32.7-2018-q2-update.linux64_1.5.0.202011040924/tools/bin/../lib/gcc/arm-none-eabi/7.3.1/../../../../arm-none-eabi/lib/thumb/v7e-m/fpv4-sp/hard/libc_nano.a
LOAD /home/martin/opt/st/stm32cubeide_1.5.1/plugins/com.st.stm32cube.ide.mcu.externaltools.gnu-tools-for-stm32.7-2018-q2-update.linux64_1.5.0.202011040924/tools/bin/../lib/gcc/arm-none-eabi/7.3.1/../../../../arm-none-eabi/lib/thumb/v7e-m/fpv4-sp/hard/libm.a
END GROUP
START GROUP
LOAD /home/martin/opt/st/stm32cubeide_1.5.1/plugins/com.st.stm32cube.ide.mcu.externaltools.gnu-tools-for-stm32.7-2018-q2-update.linux64_1.5.0.202011040924/tools/bin/../lib/gcc/arm-none-eabi/7.3.1/thumb/v7e-m/fpv4-sp/hard/libgcc.a
LOAD /home/martin/opt/st/stm32cubeide_1.5.1/plugins/com.st.stm32cube.ide.mcu.externaltools.gnu-tools-for-stm32.7-2018-q2-update.linux64_1.5.0.202011040924/tools/bin/../lib/gcc/arm-none-eabi/7.3.1/../../../../arm-none-eabi/lib/thumb/v7e-m/fpv4-sp/hard/libc_nano.a
END GROUP
START GROUP
LOAD /home/martin/opt/st/stm32cubeide_1.5.1/plugins/com.st.stm32cube.ide.mcu.externaltools.gnu-tools-for-stm32.7-2018-q2-update.linux64_1.5.0.202011040924/tools/bin/../lib/gcc/arm-none-eabi/7.3.1/thumb/v7e-m/fpv4-sp/hard/libgcc.a
LOAD /home/martin/opt/st/stm32cubeide_1.5.1/plugins/com.st.stm32cube.ide.mcu.externaltools.gnu-tools-for-stm32.7-2018-q2-update.linux64_1.5.0.202011040924/tools/bin/../lib/gcc/arm-none-eabi/7.3.1/../../../../arm-none-eabi/lib/thumb/v7e-m/fpv4-sp/hard/libc_nano.a
LOAD /home/martin/opt/st/stm32cubeide_1.5.1/plugins/com.st.stm32cube.ide.mcu.externaltools.gnu-tools-for-stm32.7-2018-q2-update.linux64_1.5.0.202011040924/tools/bin/../lib/gcc/arm-none-eabi/7.3.1/../../../../arm-none-eabi/lib/thumb/v7e-m/fpv4-sp/hard/libnosys.a
END GROUP
START GROUP
LOAD /home/martin/opt/st/stm32cubeide_1.5.1/plugins/com.st.stm32cube.ide.mcu.externaltools.gnu-tools-for-stm32.7-2018-q2-update.linux64_1.5.0.202011040924/tools/bin/../lib/gcc/arm-none-eabi/7.3.1/thumb/v7e-m/fpv4-sp/hard/libgcc.a
LOAD /home/martin/opt/st/stm32cubeide_1.5.1/plugins/com.st.stm32cube.ide.mcu.externaltools.gnu-tools-for-stm32.7-2018-q2-update.linux64_1.5.0.202011040924/tools/bin/../lib/gcc/arm-none-eabi/7.3.1/../../../../arm-none-eabi/lib/thumb/v7e-m/fpv4-sp/hard/libc_nano.a
LOAD /home/martin/opt/st/stm32cubeide_1.5.1/plugins/com.st.stm32cube.ide.mcu.externaltools.gnu-tools-for-stm32.7-2018-q2-update.linux64_1.5.0.202011040924/tools/bin/../lib/gcc/arm-none-eabi/7.3.1/../../../../arm-none-eabi/lib/thumb/v7e-m/fpv4-sp/hard/libnosys.a
END GROUP
LOAD /home/martin/opt/st/stm32cubeide_1.5.1/plugins/com.st.stm32cube.ide.mcu.externaltools.gnu-tools-for-stm32.7-2018-q2-update.linux64_1.5.0.202011040924/tools/bin/../lib/gcc/arm-none-eabi/7.3.1/thumb/v7e-m/fpv4-sp/hard/crtend.o
LOAD /home/martin/opt/st/stm32cubeide_1.5.1/plugins/com.st.stm32cube.ide.mcu.externaltools.gnu-tools-for-stm32.7-2018-q2-update.linux64_1.5.0.202011040924/tools/bin/../lib/gcc/arm-none-eabi/7.3.1/thumb/v7e-m/fpv4-sp/hard/crtn.o
                0x0000000020020000                _estack = (ORIGIN (RAM) + LENGTH (RAM))
                0x0000000000000200                _Min_Heap_Size = 0x200
                0x0000000000000400                _Min_Stack_Size = 0x400

.isr_vector     0x0000000008000000      0x198
                0x0000000008000000                . = ALIGN (0x4)
 *(.isr_vector)
 .isr_vector    0x0000000008000000      0x198 Core/Startup/startup_stm32f411ceux.o
                0x0000000008000000                g_pfnVectors
                0x0000000008000198                . = ALIGN (0x4)

.text           0x00000000080001a0     0xd744
                0x00000000080001a0                . = ALIGN (0x4)
 *(.text)
 .text          0x00000000080001a0       0x40 /home/martin/opt/st/stm32cubeide_1.5.1/plugins/com.st.stm32cube.ide.mcu.externaltools.gnu-tools-for-stm32.7-2018-q2-update.linux64_1.5.0.202011040924/tools/bin/../lib/gcc/arm-none-eabi/7.3.1/thumb/v7e-m/fpv4-sp/hard/crtbegin.o
 .text          0x00000000080001e0       0x10 /home/martin/opt/st/stm32cubeide_1.5.1/plugins/com.st.stm32cube.ide.mcu.externaltools.gnu-tools-for-stm32.7-2018-q2-update.linux64_1.5.0.202011040924/tools/bin/../lib/gcc/arm-none-eabi/7.3.1/../../../../arm-none-eabi/lib/thumb/v7e-m/fpv4-sp/hard/libc_nano.a(lib_a-strlen.o)
                0x00000000080001e0                strlen
 .text          0x00000000080001f0       0xa0 /home/martin/opt/st/stm32cubeide_1.5.1/plugins/com.st.stm32cube.ide.mcu.externaltools.gnu-tools-for-stm32.7-2018-q2-update.linux64_1.5.0.202011040924/tools/bin/../lib/gcc/arm-none-eabi/7.3.1/../../../../arm-none-eabi/lib/thumb/v7e-m/fpv4-sp/hard/libc_nano.a(lib_a-memchr.o)
                0x00000000080001f0                memchr
 .text          0x0000000008000290       0x30 /home/martin/opt/st/stm32cubeide_1.5.1/plugins/com.st.stm32cube.ide.mcu.externaltools.gnu-tools-for-stm32.7-2018-q2-update.linux64_1.5.0.202011040924/tools/bin/../lib/gcc/arm-none-eabi/7.3.1/thumb/v7e-m/fpv4-sp/hard/libgcc.a(_aeabi_uldivmod.o)
                0x0000000008000290                __aeabi_uldivmod
 .text          0x00000000080002c0      0x2cc /home/martin/opt/st/stm32cubeide_1.5.1/plugins/com.st.stm32cube.ide.mcu.externaltools.gnu-tools-for-stm32.7-2018-q2-update.linux64_1.5.0.202011040924/tools/bin/../lib/gcc/arm-none-eabi/7.3.1/thumb/v7e-m/fpv4-sp/hard/libgcc.a(_udivmoddi4.o)
                0x00000000080002c0                __udivmoddi4
 .text          0x000000000800058c        0x4 /home/martin/opt/st/stm32cubeide_1.5.1/plugins/com.st.stm32cube.ide.mcu.externaltools.gnu-tools-for-stm32.7-2018-q2-update.linux64_1.5.0.202011040924/tools/bin/../lib/gcc/arm-none-eabi/7.3.1/thumb/v7e-m/fpv4-sp/hard/libgcc.a(_dvmd_tls.o)
                0x000000000800058c                __aeabi_ldiv0
                0x000000000800058c                __aeabi_idiv0
 *(.text*)
 .text.print_pal_error
                0x0000000008000590       0x32 Core/Src/main.o
                0x0000000008000590                print_pal_error
 *fill*         0x00000000080005c2        0x2 
 .text.cdc_printf
                0x00000000080005c4       0x40 Core/Src/main.o
                0x00000000080005c4                cdc_printf
 .text.print_range_status
                0x0000000008000604       0x3c Core/Src/main.o
                0x0000000008000604                print_range_status
 .text.rangingTest
                0x0000000008000640      0x1d0 Core/Src/main.o
                0x0000000008000640                rangingTest
 .text.main     0x0000000008000810      0x164 Core/Src/main.o
                0x0000000008000810                main
 .text.SystemClock_Config
                0x0000000008000974       0xd0 Core/Src/main.o
                0x0000000008000974                SystemClock_Config
 .text.MX_I2C1_Init
                0x0000000008000a44       0x5c Core/Src/main.o
 .text.MX_TIM3_Init
                0x0000000008000aa0       0x9c Core/Src/main.o
 .text.MX_TIM9_Init
                0x0000000008000b3c       0x74 Core/Src/main.o
 .text.MX_GPIO_Init
                0x0000000008000bb0       0x6c Core/Src/main.o
 .text.Error_Handler
                0x0000000008000c1c        0x8 Core/Src/main.o
                0x0000000008000c1c                Error_Handler
 .text.HAL_MspInit
                0x0000000008000c24       0x50 Core/Src/stm32f4xx_hal_msp.o
                0x0000000008000c24                HAL_MspInit
 .text.HAL_I2C_MspInit
                0x0000000008000c74       0x90 Core/Src/stm32f4xx_hal_msp.o
                0x0000000008000c74                HAL_I2C_MspInit
 .text.HAL_TIM_Base_MspInit
                0x0000000008000d04       0x70 Core/Src/stm32f4xx_hal_msp.o
                0x0000000008000d04                HAL_TIM_Base_MspInit
 .text.NMI_Handler
                0x0000000008000d74        0x6 Core/Src/stm32f4xx_it.o
                0x0000000008000d74                NMI_Handler
 .text.HardFault_Handler
                0x0000000008000d7a        0x6 Core/Src/stm32f4xx_it.o
                0x0000000008000d7a                HardFault_Handler
 .text.MemManage_Handler
                0x0000000008000d80        0x6 Core/Src/stm32f4xx_it.o
                0x0000000008000d80                MemManage_Handler
 .text.BusFault_Handler
                0x0000000008000d86        0x6 Core/Src/stm32f4xx_it.o
                0x0000000008000d86                BusFault_Handler
 .text.UsageFault_Handler
                0x0000000008000d8c        0x6 Core/Src/stm32f4xx_it.o
                0x0000000008000d8c                UsageFault_Handler
 .text.SVC_Handler
                0x0000000008000d92        0xe Core/Src/stm32f4xx_it.o
                0x0000000008000d92                SVC_Handler
 .text.DebugMon_Handler
                0x0000000008000da0        0xe Core/Src/stm32f4xx_it.o
                0x0000000008000da0                DebugMon_Handler
 .text.PendSV_Handler
                0x0000000008000dae        0xe Core/Src/stm32f4xx_it.o
                0x0000000008000dae                PendSV_Handler
 .text.SysTick_Handler
                0x0000000008000dbc        0xc Core/Src/stm32f4xx_it.o
                0x0000000008000dbc                SysTick_Handler
 .text.OTG_FS_IRQHandler
                0x0000000008000dc8       0x14 Core/Src/stm32f4xx_it.o
                0x0000000008000dc8                OTG_FS_IRQHandler
 .text._sbrk    0x0000000008000ddc       0x6c Core/Src/sysmem.o
                0x0000000008000ddc                _sbrk
 .text.SystemInit
                0x0000000008000e48       0x2c Core/Src/system_stm32f4xx.o
                0x0000000008000e48                SystemInit
 .text.Reset_Handler
                0x0000000008000e74       0x50 Core/Startup/startup_stm32f411ceux.o
                0x0000000008000e74                Reset_Handler
 .text.Default_Handler
                0x0000000008000ec4        0x2 Core/Startup/startup_stm32f411ceux.o
                0x0000000008000ec4                RTC_Alarm_IRQHandler
                0x0000000008000ec4                EXTI2_IRQHandler
                0x0000000008000ec4                SPI4_IRQHandler
                0x0000000008000ec4                TIM1_CC_IRQHandler
                0x0000000008000ec4                DMA2_Stream5_IRQHandler
                0x0000000008000ec4                DMA1_Stream5_IRQHandler
                0x0000000008000ec4                PVD_IRQHandler
                0x0000000008000ec4                SDIO_IRQHandler
                0x0000000008000ec4                TAMP_STAMP_IRQHandler
                0x0000000008000ec4                EXTI3_IRQHandler
                0x0000000008000ec4                TIM1_UP_TIM10_IRQHandler
                0x0000000008000ec4                I2C3_ER_IRQHandler
                0x0000000008000ec4                EXTI0_IRQHandler
                0x0000000008000ec4                I2C2_EV_IRQHandler
                0x0000000008000ec4                DMA1_Stream2_IRQHandler
                0x0000000008000ec4                FPU_IRQHandler
                0x0000000008000ec4                DMA2_Stream2_IRQHandler
                0x0000000008000ec4                SPI1_IRQHandler
                0x0000000008000ec4                TIM1_BRK_TIM9_IRQHandler
                0x0000000008000ec4                DMA2_Stream3_IRQHandler
                0x0000000008000ec4                USART6_IRQHandler
                0x0000000008000ec4                DMA2_Stream0_IRQHandler
                0x0000000008000ec4                TIM4_IRQHandler
                0x0000000008000ec4                I2C1_EV_IRQHandler
                0x0000000008000ec4                DMA1_Stream6_IRQHandler
                0x0000000008000ec4                DMA1_Stream1_IRQHandler
                0x0000000008000ec4                TIM3_IRQHandler
                0x0000000008000ec4                RCC_IRQHandler
                0x0000000008000ec4                Default_Handler
                0x0000000008000ec4                EXTI15_10_IRQHandler
                0x0000000008000ec4                ADC_IRQHandler
                0x0000000008000ec4                DMA1_Stream7_IRQHandler
                0x0000000008000ec4                SPI5_IRQHandler
                0x0000000008000ec4                TIM5_IRQHandler
                0x0000000008000ec4                DMA2_Stream7_IRQHandler
                0x0000000008000ec4                I2C3_EV_IRQHandler
                0x0000000008000ec4                EXTI9_5_IRQHandler
                0x0000000008000ec4                RTC_WKUP_IRQHandler
                0x0000000008000ec4                SPI2_IRQHandler
                0x0000000008000ec4                DMA1_Stream0_IRQHandler
                0x0000000008000ec4                EXTI4_IRQHandler
                0x0000000008000ec4                WWDG_IRQHandler
                0x0000000008000ec4                TIM2_IRQHandler
                0x0000000008000ec4                OTG_FS_WKUP_IRQHandler
                0x0000000008000ec4                TIM1_TRG_COM_TIM11_IRQHandler
                0x0000000008000ec4                EXTI1_IRQHandler
                0x0000000008000ec4                USART2_IRQHandler
                0x0000000008000ec4                I2C2_ER_IRQHandler
                0x0000000008000ec4                DMA2_Stream1_IRQHandler
                0x0000000008000ec4                FLASH_IRQHandler
                0x0000000008000ec4                DMA2_Stream4_IRQHandler
                0x0000000008000ec4                USART1_IRQHandler
                0x0000000008000ec4                SPI3_IRQHandler
                0x0000000008000ec4                DMA1_Stream4_IRQHandler
                0x0000000008000ec4                I2C1_ER_IRQHandler
                0x0000000008000ec4                DMA2_Stream6_IRQHandler
                0x0000000008000ec4                DMA1_Stream3_IRQHandler
 *fill*         0x0000000008000ec6        0x2 
 .text.HAL_Init
                0x0000000008000ec8       0x44 Drivers/STM32F4xx_HAL_Driver/Src/stm32f4xx_hal.o
                0x0000000008000ec8                HAL_Init
 .text.HAL_InitTick
                0x0000000008000f0c       0x60 Drivers/STM32F4xx_HAL_Driver/Src/stm32f4xx_hal.o
                0x0000000008000f0c                HAL_InitTick
 .text.HAL_IncTick
                0x0000000008000f6c       0x28 Drivers/STM32F4xx_HAL_Driver/Src/stm32f4xx_hal.o
                0x0000000008000f6c                HAL_IncTick
 .text.HAL_GetTick
                0x0000000008000f94       0x18 Drivers/STM32F4xx_HAL_Driver/Src/stm32f4xx_hal.o
                0x0000000008000f94                HAL_GetTick
 .text.HAL_Delay
                0x0000000008000fac       0x44 Drivers/STM32F4xx_HAL_Driver/Src/stm32f4xx_hal.o
                0x0000000008000fac                HAL_Delay
 .text.__NVIC_SetPriorityGrouping
                0x0000000008000ff0       0x48 Drivers/STM32F4xx_HAL_Driver/Src/stm32f4xx_hal_cortex.o
 .text.__NVIC_GetPriorityGrouping
                0x0000000008001038       0x1c Drivers/STM32F4xx_HAL_Driver/Src/stm32f4xx_hal_cortex.o
 .text.__NVIC_EnableIRQ
                0x0000000008001054       0x3c Drivers/STM32F4xx_HAL_Driver/Src/stm32f4xx_hal_cortex.o
 .text.__NVIC_SetPriority
                0x0000000008001090       0x54 Drivers/STM32F4xx_HAL_Driver/Src/stm32f4xx_hal_cortex.o
 .text.NVIC_EncodePriority
                0x00000000080010e4       0x66 Drivers/STM32F4xx_HAL_Driver/Src/stm32f4xx_hal_cortex.o
 *fill*         0x000000000800114a        0x2 
 .text.SysTick_Config
                0x000000000800114c       0x44 Drivers/STM32F4xx_HAL_Driver/Src/stm32f4xx_hal_cortex.o
 .text.HAL_NVIC_SetPriorityGrouping
                0x0000000008001190       0x16 Drivers/STM32F4xx_HAL_Driver/Src/stm32f4xx_hal_cortex.o
                0x0000000008001190                HAL_NVIC_SetPriorityGrouping
 .text.HAL_NVIC_SetPriority
                0x00000000080011a6       0x38 Drivers/STM32F4xx_HAL_Driver/Src/stm32f4xx_hal_cortex.o
                0x00000000080011a6                HAL_NVIC_SetPriority
 .text.HAL_NVIC_EnableIRQ
                0x00000000080011de       0x1c Drivers/STM32F4xx_HAL_Driver/Src/stm32f4xx_hal_cortex.o
                0x00000000080011de                HAL_NVIC_EnableIRQ
 .text.HAL_SYSTICK_Config
                0x00000000080011fa       0x18 Drivers/STM32F4xx_HAL_Driver/Src/stm32f4xx_hal_cortex.o
                0x00000000080011fa                HAL_SYSTICK_Config
 *fill*         0x0000000008001212        0x2 
 .text.HAL_GPIO_Init
                0x0000000008001214      0x304 Drivers/STM32F4xx_HAL_Driver/Src/stm32f4xx_hal_gpio.o
                0x0000000008001214                HAL_GPIO_Init
 .text.HAL_I2C_Init
                0x0000000008001518      0x270 Drivers/STM32F4xx_HAL_Driver/Src/stm32f4xx_hal_i2c.o
                0x0000000008001518                HAL_I2C_Init
 .text.HAL_I2C_Mem_Write
                0x0000000008001788      0x1f4 Drivers/STM32F4xx_HAL_Driver/Src/stm32f4xx_hal_i2c.o
                0x0000000008001788                HAL_I2C_Mem_Write
 .text.HAL_I2C_Mem_Read
                0x000000000800197c      0x44c Drivers/STM32F4xx_HAL_Driver/Src/stm32f4xx_hal_i2c.o
                0x000000000800197c                HAL_I2C_Mem_Read
 .text.I2C_RequestMemoryWrite
                0x0000000008001dc8      0x12c Drivers/STM32F4xx_HAL_Driver/Src/stm32f4xx_hal_i2c.o
 .text.I2C_RequestMemoryRead
                0x0000000008001ef4      0x1d0 Drivers/STM32F4xx_HAL_Driver/Src/stm32f4xx_hal_i2c.o
 .text.I2C_WaitOnFlagUntilTimeout
                0x00000000080020c4       0xae Drivers/STM32F4xx_HAL_Driver/Src/stm32f4xx_hal_i2c.o
 .text.I2C_WaitOnMasterAddressFlagUntilTimeout
                0x0000000008002172       0xfe Drivers/STM32F4xx_HAL_Driver/Src/stm32f4xx_hal_i2c.o
 .text.I2C_WaitOnTXEFlagUntilTimeout
                0x0000000008002270       0x82 Drivers/STM32F4xx_HAL_Driver/Src/stm32f4xx_hal_i2c.o
 .text.I2C_WaitOnBTFFlagUntilTimeout
                0x00000000080022f2       0x82 Drivers/STM32F4xx_HAL_Driver/Src/stm32f4xx_hal_i2c.o
 .text.I2C_WaitOnRXNEFlagUntilTimeout
                0x0000000008002374       0xac Drivers/STM32F4xx_HAL_Driver/Src/stm32f4xx_hal_i2c.o
 .text.I2C_IsAcknowledgeFailed
                0x0000000008002420       0x5e Drivers/STM32F4xx_HAL_Driver/Src/stm32f4xx_hal_i2c.o
 .text.HAL_PCD_Init
                0x000000000800247e      0x23a Drivers/STM32F4xx_HAL_Driver/Src/stm32f4xx_hal_pcd.o
                0x000000000800247e                HAL_PCD_Init
 .text.HAL_PCD_Start
                0x00000000080026b8       0x66 Drivers/STM32F4xx_HAL_Driver/Src/stm32f4xx_hal_pcd.o
                0x00000000080026b8                HAL_PCD_Start
 .text.HAL_PCD_IRQHandler
                0x000000000800271e      0x764 Drivers/STM32F4xx_HAL_Driver/Src/stm32f4xx_hal_pcd.o
                0x000000000800271e                HAL_PCD_IRQHandler
 .text.HAL_PCD_SetAddress
                0x0000000008002e82       0x4a Drivers/STM32F4xx_HAL_Driver/Src/stm32f4xx_hal_pcd.o
                0x0000000008002e82                HAL_PCD_SetAddress
 .text.HAL_PCD_EP_Open
                0x0000000008002ecc       0xd0 Drivers/STM32F4xx_HAL_Driver/Src/stm32f4xx_hal_pcd.o
                0x0000000008002ecc                HAL_PCD_EP_Open
 .text.HAL_PCD_EP_Close
                0x0000000008002f9c       0x94 Drivers/STM32F4xx_HAL_Driver/Src/stm32f4xx_hal_pcd.o
                0x0000000008002f9c                HAL_PCD_EP_Close
 .text.HAL_PCD_EP_Receive
                0x0000000008003030       0x96 Drivers/STM32F4xx_HAL_Driver/Src/stm32f4xx_hal_pcd.o
                0x0000000008003030                HAL_PCD_EP_Receive
 .text.HAL_PCD_EP_GetRxCount
                0x00000000080030c6       0x30 Drivers/STM32F4xx_HAL_Driver/Src/stm32f4xx_hal_pcd.o
                0x00000000080030c6                HAL_PCD_EP_GetRxCount
 .text.HAL_PCD_EP_Transmit
                0x00000000080030f6       0x94 Drivers/STM32F4xx_HAL_Driver/Src/stm32f4xx_hal_pcd.o
                0x00000000080030f6                HAL_PCD_EP_Transmit
 .text.HAL_PCD_EP_SetStall
                0x000000000800318a       0xc8 Drivers/STM32F4xx_HAL_Driver/Src/stm32f4xx_hal_pcd.o
                0x000000000800318a                HAL_PCD_EP_SetStall
 .text.HAL_PCD_EP_ClrStall
                0x0000000008003252       0xac Drivers/STM32F4xx_HAL_Driver/Src/stm32f4xx_hal_pcd.o
                0x0000000008003252                HAL_PCD_EP_ClrStall
 .text.PCD_WriteEmptyTxFifo
                0x00000000080032fe      0x11a Drivers/STM32F4xx_HAL_Driver/Src/stm32f4xx_hal_pcd.o
 .text.PCD_EP_OutXfrComplete_int
                0x0000000008003418      0x218 Drivers/STM32F4xx_HAL_Driver/Src/stm32f4xx_hal_pcd.o
 .text.PCD_EP_OutSetupPacket_int
                0x0000000008003630       0x8c Drivers/STM32F4xx_HAL_Driver/Src/stm32f4xx_hal_pcd.o
 .text.HAL_PCDEx_SetTxFiFo
                0x00000000080036bc       0x8e Drivers/STM32F4xx_HAL_Driver/Src/stm32f4xx_hal_pcd_ex.o
                0x00000000080036bc                HAL_PCDEx_SetTxFiFo
 .text.HAL_PCDEx_SetRxFiFo
                0x000000000800374a       0x22 Drivers/STM32F4xx_HAL_Driver/Src/stm32f4xx_hal_pcd_ex.o
                0x000000000800374a                HAL_PCDEx_SetRxFiFo
 .text.HAL_PCDEx_LPM_Callback
                0x000000000800376c       0x18 Drivers/STM32F4xx_HAL_Driver/Src/stm32f4xx_hal_pcd_ex.o
                0x000000000800376c                HAL_PCDEx_LPM_Callback
 .text.HAL_RCC_OscConfig
                0x0000000008003784      0x4e0 Drivers/STM32F4xx_HAL_Driver/Src/stm32f4xx_hal_rcc.o
                0x0000000008003784                HAL_RCC_OscConfig
 .text.HAL_RCC_ClockConfig
                0x0000000008003c64      0x1cc Drivers/STM32F4xx_HAL_Driver/Src/stm32f4xx_hal_rcc.o
                0x0000000008003c64                HAL_RCC_ClockConfig
 .text.HAL_RCC_GetSysClockFreq
                0x0000000008003e30      0x164 Drivers/STM32F4xx_HAL_Driver/Src/stm32f4xx_hal_rcc.o
                0x0000000008003e30                HAL_RCC_GetSysClockFreq
 .text.HAL_RCC_GetHCLKFreq
                0x0000000008003f94       0x18 Drivers/STM32F4xx_HAL_Driver/Src/stm32f4xx_hal_rcc.o
                0x0000000008003f94                HAL_RCC_GetHCLKFreq
 .text.HAL_RCC_GetPCLK1Freq
                0x0000000008003fac       0x28 Drivers/STM32F4xx_HAL_Driver/Src/stm32f4xx_hal_rcc.o
                0x0000000008003fac                HAL_RCC_GetPCLK1Freq
 .text.HAL_TIM_Base_Init
                0x0000000008003fd4       0x56 Drivers/STM32F4xx_HAL_Driver/Src/stm32f4xx_hal_tim.o
                0x0000000008003fd4                HAL_TIM_Base_Init
 .text.HAL_TIM_ConfigClockSource
                0x000000000800402a      0x16e Drivers/STM32F4xx_HAL_Driver/Src/stm32f4xx_hal_tim.o
                0x000000000800402a                HAL_TIM_ConfigClockSource
 .text.TIM_Base_SetConfig
                0x0000000008004198      0x100 Drivers/STM32F4xx_HAL_Driver/Src/stm32f4xx_hal_tim.o
                0x0000000008004198                TIM_Base_SetConfig
 .text.TIM_TI1_ConfigInputStage
                0x0000000008004298       0x5e Drivers/STM32F4xx_HAL_Driver/Src/stm32f4xx_hal_tim.o
 .text.TIM_TI2_ConfigInputStage
                0x00000000080042f6       0x60 Drivers/STM32F4xx_HAL_Driver/Src/stm32f4xx_hal_tim.o
 .text.TIM_ITRx_SetConfig
                0x0000000008004356       0x36 Drivers/STM32F4xx_HAL_Driver/Src/stm32f4xx_hal_tim.o
 .text.TIM_ETR_SetConfig
                0x000000000800438c       0x40 Drivers/STM32F4xx_HAL_Driver/Src/stm32f4xx_hal_tim.o
                0x000000000800438c                TIM_ETR_SetConfig
 .text.HAL_TIMEx_MasterConfigSynchronization
                0x00000000080043cc       0xdc Drivers/STM32F4xx_HAL_Driver/Src/stm32f4xx_hal_tim_ex.o
                0x00000000080043cc                HAL_TIMEx_MasterConfigSynchronization
 .text.USB_CoreInit
                0x00000000080044a8       0xc2 Drivers/STM32F4xx_HAL_Driver/Src/stm32f4xx_ll_usb.o
                0x00000000080044a8                USB_CoreInit
 *fill*         0x000000000800456a        0x2 
 .text.USB_SetTurnaroundTime
                0x000000000800456c      0x144 Drivers/STM32F4xx_HAL_Driver/Src/stm32f4xx_ll_usb.o
                0x000000000800456c                USB_SetTurnaroundTime
 .text.USB_EnableGlobalInt
                0x00000000080046b0       0x22 Drivers/STM32F4xx_HAL_Driver/Src/stm32f4xx_ll_usb.o
                0x00000000080046b0                USB_EnableGlobalInt
 .text.USB_DisableGlobalInt
                0x00000000080046d2       0x22 Drivers/STM32F4xx_HAL_Driver/Src/stm32f4xx_ll_usb.o
                0x00000000080046d2                USB_DisableGlobalInt
 .text.USB_SetCurrentMode
                0x00000000080046f4       0x54 Drivers/STM32F4xx_HAL_Driver/Src/stm32f4xx_ll_usb.o
                0x00000000080046f4                USB_SetCurrentMode
 .text.USB_DevInit
                0x0000000008004748      0x2c8 Drivers/STM32F4xx_HAL_Driver/Src/stm32f4xx_ll_usb.o
                0x0000000008004748                USB_DevInit
 .text.USB_FlushTxFifo
                0x0000000008004a10       0x4c Drivers/STM32F4xx_HAL_Driver/Src/stm32f4xx_ll_usb.o
                0x0000000008004a10                USB_FlushTxFifo
 .text.USB_FlushRxFifo
                0x0000000008004a5c       0x44 Drivers/STM32F4xx_HAL_Driver/Src/stm32f4xx_ll_usb.o
                0x0000000008004a5c                USB_FlushRxFifo
 .text.USB_SetDevSpeed
                0x0000000008004aa0       0x32 Drivers/STM32F4xx_HAL_Driver/Src/stm32f4xx_ll_usb.o
                0x0000000008004aa0                USB_SetDevSpeed
 .text.USB_GetDevSpeed
                0x0000000008004ad2       0x4a Drivers/STM32F4xx_HAL_Driver/Src/stm32f4xx_ll_usb.o
                0x0000000008004ad2                USB_GetDevSpeed
 .text.USB_ActivateEndpoint
                0x0000000008004b1c      0x10e Drivers/STM32F4xx_HAL_Driver/Src/stm32f4xx_ll_usb.o
                0x0000000008004b1c                USB_ActivateEndpoint
 *fill*         0x0000000008004c2a        0x2 
 .text.USB_DeactivateEndpoint
                0x0000000008004c2c      0x1b8 Drivers/STM32F4xx_HAL_Driver/Src/stm32f4xx_ll_usb.o
                0x0000000008004c2c                USB_DeactivateEndpoint
 .text.USB_EPStartXfer
                0x0000000008004de4      0x488 Drivers/STM32F4xx_HAL_Driver/Src/stm32f4xx_ll_usb.o
                0x0000000008004de4                USB_EPStartXfer
 .text.USB_EP0StartXfer
                0x000000000800526c      0x2a6 Drivers/STM32F4xx_HAL_Driver/Src/stm32f4xx_ll_usb.o
                0x000000000800526c                USB_EP0StartXfer
 .text.USB_WritePacket
                0x0000000008005512       0x6a Drivers/STM32F4xx_HAL_Driver/Src/stm32f4xx_ll_usb.o
                0x0000000008005512                USB_WritePacket
 .text.USB_ReadPacket
                0x000000000800557c       0x52 Drivers/STM32F4xx_HAL_Driver/Src/stm32f4xx_ll_usb.o
                0x000000000800557c                USB_ReadPacket
 .text.USB_EPSetStall
                0x00000000080055ce       0xdc Drivers/STM32F4xx_HAL_Driver/Src/stm32f4xx_ll_usb.o
                0x00000000080055ce                USB_EPSetStall
 .text.USB_EPClearStall
                0x00000000080056aa       0xcc Drivers/STM32F4xx_HAL_Driver/Src/stm32f4xx_ll_usb.o
                0x00000000080056aa                USB_EPClearStall
 .text.USB_SetDevAddress
                0x0000000008005776       0x4c Drivers/STM32F4xx_HAL_Driver/Src/stm32f4xx_ll_usb.o
                0x0000000008005776                USB_SetDevAddress
 .text.USB_DevConnect
                0x00000000080057c2       0x42 Drivers/STM32F4xx_HAL_Driver/Src/stm32f4xx_ll_usb.o
                0x00000000080057c2                USB_DevConnect
 .text.USB_DevDisconnect
                0x0000000008005804       0x42 Drivers/STM32F4xx_HAL_Driver/Src/stm32f4xx_ll_usb.o
                0x0000000008005804                USB_DevDisconnect
 .text.USB_ReadInterrupts
                0x0000000008005846       0x26 Drivers/STM32F4xx_HAL_Driver/Src/stm32f4xx_ll_usb.o
                0x0000000008005846                USB_ReadInterrupts
 .text.USB_ReadDevAllOutEpInterrupt
                0x000000000800586c       0x34 Drivers/STM32F4xx_HAL_Driver/Src/stm32f4xx_ll_usb.o
                0x000000000800586c                USB_ReadDevAllOutEpInterrupt
 .text.USB_ReadDevAllInEpInterrupt
                0x00000000080058a0       0x34 Drivers/STM32F4xx_HAL_Driver/Src/stm32f4xx_ll_usb.o
                0x00000000080058a0                USB_ReadDevAllInEpInterrupt
 .text.USB_ReadDevOutEPInterrupt
                0x00000000080058d4       0x3c Drivers/STM32F4xx_HAL_Driver/Src/stm32f4xx_ll_usb.o
                0x00000000080058d4                USB_ReadDevOutEPInterrupt
 .text.USB_ReadDevInEPInterrupt
                0x0000000008005910       0x5c Drivers/STM32F4xx_HAL_Driver/Src/stm32f4xx_ll_usb.o
                0x0000000008005910                USB_ReadDevInEPInterrupt
 .text.USB_GetMode
                0x000000000800596c       0x1c Drivers/STM32F4xx_HAL_Driver/Src/stm32f4xx_ll_usb.o
                0x000000000800596c                USB_GetMode
 .text.USB_ActivateSetup
                0x0000000008005988       0x46 Drivers/STM32F4xx_HAL_Driver/Src/stm32f4xx_ll_usb.o
                0x0000000008005988                USB_ActivateSetup
 *fill*         0x00000000080059ce        0x2 
 .text.USB_EP0_OutStart
                0x00000000080059d0       0xbc Drivers/STM32F4xx_HAL_Driver/Src/stm32f4xx_ll_usb.o
                0x00000000080059d0                USB_EP0_OutStart
 .text.USB_CoreReset
                0x0000000008005a8c       0x68 Drivers/STM32F4xx_HAL_Driver/Src/stm32f4xx_ll_usb.o
 .text.USBD_CDC_Init
                0x0000000008005af4      0x100 Middlewares/ST/STM32_USB_Device_Library/Class/CDC/Src/usbd_cdc.o
 .text.USBD_CDC_DeInit
                0x0000000008005bf4       0x78 Middlewares/ST/STM32_USB_Device_Library/Class/CDC/Src/usbd_cdc.o
 .text.USBD_CDC_Setup
                0x0000000008005c6c      0x178 Middlewares/ST/STM32_USB_Device_Library/Class/CDC/Src/usbd_cdc.o
 .text.USBD_CDC_DataIn
                0x0000000008005de4       0xbe Middlewares/ST/STM32_USB_Device_Library/Class/CDC/Src/usbd_cdc.o
 .text.USBD_CDC_DataOut
                0x0000000008005ea2       0x56 Middlewares/ST/STM32_USB_Device_Library/Class/CDC/Src/usbd_cdc.o
 .text.USBD_CDC_EP0_RxReady
                0x0000000008005ef8       0x50 Middlewares/ST/STM32_USB_Device_Library/Class/CDC/Src/usbd_cdc.o
 .text.USBD_CDC_GetFSCfgDesc
                0x0000000008005f48       0x20 Middlewares/ST/STM32_USB_Device_Library/Class/CDC/Src/usbd_cdc.o
 .text.USBD_CDC_GetHSCfgDesc
                0x0000000008005f68       0x20 Middlewares/ST/STM32_USB_Device_Library/Class/CDC/Src/usbd_cdc.o
 .text.USBD_CDC_GetOtherSpeedCfgDesc
                0x0000000008005f88       0x20 Middlewares/ST/STM32_USB_Device_Library/Class/CDC/Src/usbd_cdc.o
 .text.USBD_CDC_GetDeviceQualifierDescriptor
                0x0000000008005fa8       0x20 Middlewares/ST/STM32_USB_Device_Library/Class/CDC/Src/usbd_cdc.o
                0x0000000008005fa8                USBD_CDC_GetDeviceQualifierDescriptor
 .text.USBD_CDC_RegisterInterface
                0x0000000008005fc8       0x2a Middlewares/ST/STM32_USB_Device_Library/Class/CDC/Src/usbd_cdc.o
                0x0000000008005fc8                USBD_CDC_RegisterInterface
 .text.USBD_CDC_SetTxBuffer
                0x0000000008005ff2       0x32 Middlewares/ST/STM32_USB_Device_Library/Class/CDC/Src/usbd_cdc.o
                0x0000000008005ff2                USBD_CDC_SetTxBuffer
 .text.USBD_CDC_SetRxBuffer
                0x0000000008006024       0x28 Middlewares/ST/STM32_USB_Device_Library/Class/CDC/Src/usbd_cdc.o
                0x0000000008006024                USBD_CDC_SetRxBuffer
 .text.USBD_CDC_TransmitPacket
                0x000000000800604c       0x60 Middlewares/ST/STM32_USB_Device_Library/Class/CDC/Src/usbd_cdc.o
                0x000000000800604c                USBD_CDC_TransmitPacket
 .text.USBD_CDC_ReceivePacket
                0x00000000080060ac       0x54 Middlewares/ST/STM32_USB_Device_Library/Class/CDC/Src/usbd_cdc.o
                0x00000000080060ac                USBD_CDC_ReceivePacket
 .text.USBD_Init
                0x0000000008006100       0x6c Middlewares/ST/STM32_USB_Device_Library/Core/Src/usbd_core.o
                0x0000000008006100                USBD_Init
 .text.USBD_RegisterClass
                0x000000000800616c       0x42 Middlewares/ST/STM32_USB_Device_Library/Core/Src/usbd_core.o
                0x000000000800616c                USBD_RegisterClass
 .text.USBD_Start
                0x00000000080061ae       0x18 Middlewares/ST/STM32_USB_Device_Library/Core/Src/usbd_core.o
                0x00000000080061ae                USBD_Start
 .text.USBD_RunTestMode
                0x00000000080061c6       0x16 Middlewares/ST/STM32_USB_Device_Library/Core/Src/usbd_core.o
                0x00000000080061c6                USBD_RunTestMode
 .text.USBD_SetClassConfig
                0x00000000080061dc       0x38 Middlewares/ST/STM32_USB_Device_Library/Core/Src/usbd_core.o
                0x00000000080061dc                USBD_SetClassConfig
 .text.USBD_ClrClassConfig
                0x0000000008006214       0x30 Middlewares/ST/STM32_USB_Device_Library/Core/Src/usbd_core.o
                0x0000000008006214                USBD_ClrClassConfig
 .text.USBD_LL_SetupStage
                0x0000000008006244       0xa6 Middlewares/ST/STM32_USB_Device_Library/Core/Src/usbd_core.o
                0x0000000008006244                USBD_LL_SetupStage
 .text.USBD_LL_DataOutStage
                0x00000000080062ea       0xc6 Middlewares/ST/STM32_USB_Device_Library/Core/Src/usbd_core.o
                0x00000000080062ea                USBD_LL_DataOutStage
 .text.USBD_LL_DataInStage
                0x00000000080063b0      0x12c Middlewares/ST/STM32_USB_Device_Library/Core/Src/usbd_core.o
                0x00000000080063b0                USBD_LL_DataInStage
 .text.USBD_LL_Reset
                0x00000000080064dc       0x82 Middlewares/ST/STM32_USB_Device_Library/Core/Src/usbd_core.o
                0x00000000080064dc                USBD_LL_Reset
 .text.USBD_LL_SetSpeed
                0x000000000800655e       0x20 Middlewares/ST/STM32_USB_Device_Library/Core/Src/usbd_core.o
                0x000000000800655e                USBD_LL_SetSpeed
 .text.USBD_LL_Suspend
                0x000000000800657e       0x2a Middlewares/ST/STM32_USB_Device_Library/Core/Src/usbd_core.o
                0x000000000800657e                USBD_LL_Suspend
 .text.USBD_LL_Resume
                0x00000000080065a8       0x2c Middlewares/ST/STM32_USB_Device_Library/Core/Src/usbd_core.o
                0x00000000080065a8                USBD_LL_Resume
 .text.USBD_LL_SOF
                0x00000000080065d4       0x34 Middlewares/ST/STM32_USB_Device_Library/Core/Src/usbd_core.o
                0x00000000080065d4                USBD_LL_SOF
 .text.USBD_LL_IsoINIncomplete
                0x0000000008006608       0x1a Middlewares/ST/STM32_USB_Device_Library/Core/Src/usbd_core.o
                0x0000000008006608                USBD_LL_IsoINIncomplete
 .text.USBD_LL_IsoOUTIncomplete
                0x0000000008006622       0x1a Middlewares/ST/STM32_USB_Device_Library/Core/Src/usbd_core.o
                0x0000000008006622                USBD_LL_IsoOUTIncomplete
 .text.USBD_LL_DevConnected
                0x000000000800663c       0x16 Middlewares/ST/STM32_USB_Device_Library/Core/Src/usbd_core.o
                0x000000000800663c                USBD_LL_DevConnected
 .text.USBD_LL_DevDisconnected
                0x0000000008006652       0x38 Middlewares/ST/STM32_USB_Device_Library/Core/Src/usbd_core.o
                0x0000000008006652                USBD_LL_DevDisconnected
 .text.SWAPBYTE
                0x000000000800668a       0x3c Middlewares/ST/STM32_USB_Device_Library/Core/Src/usbd_ctlreq.o
 *fill*         0x00000000080066c6        0x2 
 .text.USBD_StdDevReq
                0x00000000080066c8       0xdc Middlewares/ST/STM32_USB_Device_Library/Core/Src/usbd_ctlreq.o
                0x00000000080066c8                USBD_StdDevReq
 .text.USBD_StdItfReq
                0x00000000080067a4       0x8c Middlewares/ST/STM32_USB_Device_Library/Core/Src/usbd_ctlreq.o
                0x00000000080067a4                USBD_StdItfReq
 .text.USBD_StdEPReq
                0x0000000008006830      0x2aa Middlewares/ST/STM32_USB_Device_Library/Core/Src/usbd_ctlreq.o
                0x0000000008006830                USBD_StdEPReq
 *fill*         0x0000000008006ada        0x2 
 .text.USBD_GetDescriptor
                0x0000000008006adc      0x2d4 Middlewares/ST/STM32_USB_Device_Library/Core/Src/usbd_ctlreq.o
 .text.USBD_SetAddress
                0x0000000008006db0       0x84 Middlewares/ST/STM32_USB_Device_Library/Core/Src/usbd_ctlreq.o
 .text.USBD_SetConfig
                0x0000000008006e34      0x148 Middlewares/ST/STM32_USB_Device_Library/Core/Src/usbd_ctlreq.o
 .text.USBD_GetConfig
                0x0000000008006f7c       0x68 Middlewares/ST/STM32_USB_Device_Library/Core/Src/usbd_ctlreq.o
 .text.USBD_GetStatus
                0x0000000008006fe4       0x66 Middlewares/ST/STM32_USB_Device_Library/Core/Src/usbd_ctlreq.o
 .text.USBD_SetFeature
                0x000000000800704a       0x28 Middlewares/ST/STM32_USB_Device_Library/Core/Src/usbd_ctlreq.o
 .text.USBD_ClrFeature
                0x0000000008007072       0x42 Middlewares/ST/STM32_USB_Device_Library/Core/Src/usbd_ctlreq.o
 .text.USBD_ParseSetupRequest
                0x00000000080070b4       0x74 Middlewares/ST/STM32_USB_Device_Library/Core/Src/usbd_ctlreq.o
                0x00000000080070b4                USBD_ParseSetupRequest
 .text.USBD_CtlError
                0x0000000008007128       0x22 Middlewares/ST/STM32_USB_Device_Library/Core/Src/usbd_ctlreq.o
                0x0000000008007128                USBD_CtlError
 .text.USBD_GetString
                0x000000000800714a       0x8c Middlewares/ST/STM32_USB_Device_Library/Core/Src/usbd_ctlreq.o
                0x000000000800714a                USBD_GetString
 .text.USBD_GetLen
                0x00000000080071d6       0x34 Middlewares/ST/STM32_USB_Device_Library/Core/Src/usbd_ctlreq.o
 .text.USBD_CtlSendData
                0x000000000800720a       0x36 Middlewares/ST/STM32_USB_Device_Library/Core/Src/usbd_ioreq.o
                0x000000000800720a                USBD_CtlSendData
 .text.USBD_CtlContinueSendData
                0x0000000008007240       0x22 Middlewares/ST/STM32_USB_Device_Library/Core/Src/usbd_ioreq.o
                0x0000000008007240                USBD_CtlContinueSendData
 .text.USBD_CtlPrepareRx
                0x0000000008007262       0x3a Middlewares/ST/STM32_USB_Device_Library/Core/Src/usbd_ioreq.o
                0x0000000008007262                USBD_CtlPrepareRx
 .text.USBD_CtlContinueRx
                0x000000000800729c       0x22 Middlewares/ST/STM32_USB_Device_Library/Core/Src/usbd_ioreq.o
                0x000000000800729c                USBD_CtlContinueRx
 .text.USBD_CtlSendStatus
                0x00000000080072be       0x26 Middlewares/ST/STM32_USB_Device_Library/Core/Src/usbd_ioreq.o
                0x00000000080072be                USBD_CtlSendStatus
 .text.USBD_CtlReceiveStatus
                0x00000000080072e4       0x26 Middlewares/ST/STM32_USB_Device_Library/Core/Src/usbd_ioreq.o
                0x00000000080072e4                USBD_CtlReceiveStatus
 *fill*         0x000000000800730a        0x2 
 .text.MX_USB_DEVICE_Init
                0x000000000800730c       0x60 USB_DEVICE/App/usb_device.o
                0x000000000800730c                MX_USB_DEVICE_Init
 .text.CDC_Init_FS
                0x000000000800736c       0x28 USB_DEVICE/App/usbd_cdc_if.o
 .text.CDC_DeInit_FS
                0x0000000008007394       0x10 USB_DEVICE/App/usbd_cdc_if.o
 .text.CDC_Control_FS
                0x00000000080073a4       0xbc USB_DEVICE/App/usbd_cdc_if.o
 .text.CDC_Receive_FS
                0x0000000008007460       0x38 USB_DEVICE/App/usbd_cdc_if.o
 .text.CDC_Transmit_FS
                0x0000000008007498       0x4c USB_DEVICE/App/usbd_cdc_if.o
                0x0000000008007498                CDC_Transmit_FS
 .text.CDC_TransmitCplt_FS
                0x00000000080074e4       0x22 USB_DEVICE/App/usbd_cdc_if.o
 *fill*         0x0000000008007506        0x2 
 .text.USBD_FS_DeviceDescriptor
                0x0000000008007508       0x24 USB_DEVICE/App/usbd_desc.o
                0x0000000008007508                USBD_FS_DeviceDescriptor
 .text.USBD_FS_LangIDStrDescriptor
                0x000000000800752c       0x24 USB_DEVICE/App/usbd_desc.o
                0x000000000800752c                USBD_FS_LangIDStrDescriptor
 .text.USBD_FS_ProductStrDescriptor
                0x0000000008007550       0x3c USB_DEVICE/App/usbd_desc.o
                0x0000000008007550                USBD_FS_ProductStrDescriptor
 .text.USBD_FS_ManufacturerStrDescriptor
                0x000000000800758c       0x28 USB_DEVICE/App/usbd_desc.o
                0x000000000800758c                USBD_FS_ManufacturerStrDescriptor
 .text.USBD_FS_SerialStrDescriptor
                0x00000000080075b4       0x24 USB_DEVICE/App/usbd_desc.o
                0x00000000080075b4                USBD_FS_SerialStrDescriptor
 .text.USBD_FS_ConfigStrDescriptor
                0x00000000080075d8       0x3c USB_DEVICE/App/usbd_desc.o
                0x00000000080075d8                USBD_FS_ConfigStrDescriptor
 .text.USBD_FS_InterfaceStrDescriptor
                0x0000000008007614       0x3c USB_DEVICE/App/usbd_desc.o
                0x0000000008007614                USBD_FS_InterfaceStrDescriptor
 .text.Get_SerialNum
                0x0000000008007650       0x58 USB_DEVICE/App/usbd_desc.o
 .text.IntToUnicode
                0x00000000080076a8       0x7c USB_DEVICE/App/usbd_desc.o
 .text.HAL_PCD_MspInit
                0x0000000008007724       0xa8 USB_DEVICE/Target/usbd_conf.o
                0x0000000008007724                HAL_PCD_MspInit
 .text.HAL_PCD_SetupStageCallback
                0x00000000080077cc       0x24 USB_DEVICE/Target/usbd_conf.o
                0x00000000080077cc                HAL_PCD_SetupStageCallback
 .text.HAL_PCD_DataOutStageCallback
                0x00000000080077f0       0x36 USB_DEVICE/Target/usbd_conf.o
                0x00000000080077f0                HAL_PCD_DataOutStageCallback
 .text.HAL_PCD_DataInStageCallback
                0x0000000008007826       0x34 USB_DEVICE/Target/usbd_conf.o
                0x0000000008007826                HAL_PCD_DataInStageCallback
 .text.HAL_PCD_SOFCallback
                0x000000000800785a       0x1c USB_DEVICE/Target/usbd_conf.o
                0x000000000800785a                HAL_PCD_SOFCallback
 .text.HAL_PCD_ResetCallback
                0x0000000008007876       0x3c USB_DEVICE/Target/usbd_conf.o
                0x0000000008007876                HAL_PCD_ResetCallback
 *fill*         0x00000000080078b2        0x2 
 .text.HAL_PCD_SuspendCallback
                0x00000000080078b4       0x4c USB_DEVICE/Target/usbd_conf.o
                0x00000000080078b4                HAL_PCD_SuspendCallback
 .text.HAL_PCD_ResumeCallback
                0x0000000008007900       0x1c USB_DEVICE/Target/usbd_conf.o
                0x0000000008007900                HAL_PCD_ResumeCallback
 .text.HAL_PCD_ISOOUTIncompleteCallback
                0x000000000800791c       0x24 USB_DEVICE/Target/usbd_conf.o
                0x000000000800791c                HAL_PCD_ISOOUTIncompleteCallback
 .text.HAL_PCD_ISOINIncompleteCallback
                0x0000000008007940       0x24 USB_DEVICE/Target/usbd_conf.o
                0x0000000008007940                HAL_PCD_ISOINIncompleteCallback
 .text.HAL_PCD_ConnectCallback
                0x0000000008007964       0x1c USB_DEVICE/Target/usbd_conf.o
                0x0000000008007964                HAL_PCD_ConnectCallback
 .text.HAL_PCD_DisconnectCallback
                0x0000000008007980       0x1c USB_DEVICE/Target/usbd_conf.o
                0x0000000008007980                HAL_PCD_DisconnectCallback
 .text.USBD_LL_Init
                0x000000000800799c       0x98 USB_DEVICE/Target/usbd_conf.o
                0x000000000800799c                USBD_LL_Init
 .text.USBD_LL_Start
                0x0000000008007a34       0x36 USB_DEVICE/Target/usbd_conf.o
                0x0000000008007a34                USBD_LL_Start
 .text.USBD_LL_OpenEP
                0x0000000008007a6a       0x4c USB_DEVICE/Target/usbd_conf.o
                0x0000000008007a6a                USBD_LL_OpenEP
 .text.USBD_LL_CloseEP
                0x0000000008007ab6       0x3e USB_DEVICE/Target/usbd_conf.o
                0x0000000008007ab6                USBD_LL_CloseEP
 .text.USBD_LL_StallEP
                0x0000000008007af4       0x3e USB_DEVICE/Target/usbd_conf.o
                0x0000000008007af4                USBD_LL_StallEP
 .text.USBD_LL_ClearStallEP
                0x0000000008007b32       0x3e USB_DEVICE/Target/usbd_conf.o
                0x0000000008007b32                USBD_LL_ClearStallEP
 .text.USBD_LL_IsStallEP
                0x0000000008007b70       0x58 USB_DEVICE/Target/usbd_conf.o
                0x0000000008007b70                USBD_LL_IsStallEP
 .text.USBD_LL_SetUSBAddress
                0x0000000008007bc8       0x3e USB_DEVICE/Target/usbd_conf.o
                0x0000000008007bc8                USBD_LL_SetUSBAddress
 .text.USBD_LL_Transmit
                0x0000000008007c06       0x42 USB_DEVICE/Target/usbd_conf.o
                0x0000000008007c06                USBD_LL_Transmit
 .text.USBD_LL_PrepareReceive
                0x0000000008007c48       0x42 USB_DEVICE/Target/usbd_conf.o
                0x0000000008007c48                USBD_LL_PrepareReceive
 .text.USBD_LL_GetRxDataSize
                0x0000000008007c8a       0x26 USB_DEVICE/Target/usbd_conf.o
                0x0000000008007c8a                USBD_LL_GetRxDataSize
 .text.USBD_Get_USB_Status
                0x0000000008007cb0       0x58 USB_DEVICE/Target/usbd_conf.o
                0x0000000008007cb0                USBD_Get_USB_Status
 .text.VL53L0X_GetDeviceInfo
                0x0000000008007d08       0x26 VL53L0X_1.0.2/Api/core/src/vl53l0x_api.o
                0x0000000008007d08                VL53L0X_GetDeviceInfo
 .text.VL53L0X_GetRangeStatusString
                0x0000000008007d2e       0x2a VL53L0X_1.0.2/Api/core/src/vl53l0x_api.o
                0x0000000008007d2e                VL53L0X_GetRangeStatusString
 .text.VL53L0X_GetPalErrorString
                0x0000000008007d58       0x2c VL53L0X_1.0.2/Api/core/src/vl53l0x_api.o
                0x0000000008007d58                VL53L0X_GetPalErrorString
 .text.VL53L0X_GetOffsetCalibrationDataMicroMeter
                0x0000000008007d84       0x26 VL53L0X_1.0.2/Api/core/src/vl53l0x_api.o
                0x0000000008007d84                VL53L0X_GetOffsetCalibrationDataMicroMeter
 *fill*         0x0000000008007daa        0x2 
 .text.VL53L0X_DataInit
                0x0000000008007dac      0x2c8 VL53L0X_1.0.2/Api/core/src/vl53l0x_api.o
                0x0000000008007dac                VL53L0X_DataInit
 .text.VL53L0X_StaticInit
                0x0000000008008074      0x304 VL53L0X_1.0.2/Api/core/src/vl53l0x_api.o
                0x0000000008008074                VL53L0X_StaticInit
 .text.VL53L0X_GetDeviceParameters
                0x0000000008008378      0x120 VL53L0X_1.0.2/Api/core/src/vl53l0x_api.o
                0x0000000008008378                VL53L0X_GetDeviceParameters
 .text.VL53L0X_SetDeviceMode
                0x0000000008008498       0x90 VL53L0X_1.0.2/Api/core/src/vl53l0x_api.o
                0x0000000008008498                VL53L0X_SetDeviceMode
 .text.VL53L0X_GetDeviceMode
                0x0000000008008528       0x26 VL53L0X_1.0.2/Api/core/src/vl53l0x_api.o
                0x0000000008008528                VL53L0X_GetDeviceMode
 .text.VL53L0X_GetFractionEnable
                0x000000000800854e       0x3e VL53L0X_1.0.2/Api/core/src/vl53l0x_api.o
                0x000000000800854e                VL53L0X_GetFractionEnable
 .text.VL53L0X_SetMeasurementTimingBudgetMicroSeconds
                0x000000000800858c       0x26 VL53L0X_1.0.2/Api/core/src/vl53l0x_api.o
                0x000000000800858c                VL53L0X_SetMeasurementTimingBudgetMicroSeconds
 .text.VL53L0X_GetMeasurementTimingBudgetMicroSeconds
                0x00000000080085b2       0x26 VL53L0X_1.0.2/Api/core/src/vl53l0x_api.o
                0x00000000080085b2                VL53L0X_GetMeasurementTimingBudgetMicroSeconds
 .text.VL53L0X_GetVcselPulsePeriod
                0x00000000080085d8       0x2e VL53L0X_1.0.2/Api/core/src/vl53l0x_api.o
                0x00000000080085d8                VL53L0X_GetVcselPulsePeriod
 *fill*         0x0000000008008606        0x2 
 .text.VL53L0X_SetSequenceStepEnable
                0x0000000008008608      0x144 VL53L0X_1.0.2/Api/core/src/vl53l0x_api.o
                0x0000000008008608                VL53L0X_SetSequenceStepEnable
 .text.sequence_step_enabled
                0x000000000800874c       0xa4 VL53L0X_1.0.2/Api/core/src/vl53l0x_api.o
                0x000000000800874c                sequence_step_enabled
 .text.VL53L0X_GetSequenceStepEnables
                0x00000000080087f0       0xb0 VL53L0X_1.0.2/Api/core/src/vl53l0x_api.o
                0x00000000080087f0                VL53L0X_GetSequenceStepEnables
 .text.VL53L0X_GetInterMeasurementPeriodMilliSeconds
                0x00000000080088a0       0x68 VL53L0X_1.0.2/Api/core/src/vl53l0x_api.o
                0x00000000080088a0                VL53L0X_GetInterMeasurementPeriodMilliSeconds
 .text.VL53L0X_GetXTalkCompensationEnable
                0x0000000008008908       0x2a VL53L0X_1.0.2/Api/core/src/vl53l0x_api.o
                0x0000000008008908                VL53L0X_GetXTalkCompensationEnable
 .text.VL53L0X_GetXTalkCompensationRateMegaCps
                0x0000000008008932       0x66 VL53L0X_1.0.2/Api/core/src/vl53l0x_api.o
                0x0000000008008932                VL53L0X_GetXTalkCompensationRateMegaCps
 .text.VL53L0X_SetLimitCheckEnable
                0x0000000008008998      0x118 VL53L0X_1.0.2/Api/core/src/vl53l0x_api.o
                0x0000000008008998                VL53L0X_SetLimitCheckEnable
 .text.VL53L0X_GetLimitCheckEnable
                0x0000000008008ab0       0x46 VL53L0X_1.0.2/Api/core/src/vl53l0x_api.o
                0x0000000008008ab0                VL53L0X_GetLimitCheckEnable
 *fill*         0x0000000008008af6        0x2 
 .text.VL53L0X_SetLimitCheckValue
                0x0000000008008af8       0xc4 VL53L0X_1.0.2/Api/core/src/vl53l0x_api.o
                0x0000000008008af8                VL53L0X_SetLimitCheckValue
 .text.VL53L0X_GetLimitCheckValue
                0x0000000008008bbc      0x11c VL53L0X_1.0.2/Api/core/src/vl53l0x_api.o
                0x0000000008008bbc                VL53L0X_GetLimitCheckValue
 .text.VL53L0X_GetLimitCheckCurrent
                0x0000000008008cd8       0xec VL53L0X_1.0.2/Api/core/src/vl53l0x_api.o
                0x0000000008008cd8                VL53L0X_GetLimitCheckCurrent
 .text.VL53L0X_GetWrapAroundCheckEnable
                0x0000000008008dc4       0x64 VL53L0X_1.0.2/Api/core/src/vl53l0x_api.o
                0x0000000008008dc4                VL53L0X_GetWrapAroundCheckEnable
 .text.VL53L0X_PerformSingleMeasurement
                0x0000000008008e28       0x68 VL53L0X_1.0.2/Api/core/src/vl53l0x_api.o
                0x0000000008008e28                VL53L0X_PerformSingleMeasurement
 .text.VL53L0X_PerformRefCalibration
                0x0000000008008e90       0x2c VL53L0X_1.0.2/Api/core/src/vl53l0x_api.o
                0x0000000008008e90                VL53L0X_PerformRefCalibration
 .text.VL53L0X_CheckAndLoadInterruptSettings
                0x0000000008008ebc       0xcc VL53L0X_1.0.2/Api/core/src/vl53l0x_api.o
                0x0000000008008ebc                VL53L0X_CheckAndLoadInterruptSettings
 .text.VL53L0X_StartMeasurement
                0x0000000008008f88      0x17e VL53L0X_1.0.2/Api/core/src/vl53l0x_api.o
                0x0000000008008f88                VL53L0X_StartMeasurement
 .text.VL53L0X_GetMeasurementDataReady
                0x0000000008009106       0x80 VL53L0X_1.0.2/Api/core/src/vl53l0x_api.o
                0x0000000008009106                VL53L0X_GetMeasurementDataReady
 *fill*         0x0000000008009186        0x2 
 .text.VL53L0X_GetRangingMeasurementData
                0x0000000008009188      0x24c VL53L0X_1.0.2/Api/core/src/vl53l0x_api.o
                0x0000000008009188                VL53L0X_GetRangingMeasurementData
 .text.VL53L0X_PerformSingleRangingMeasurement
                0x00000000080093d4       0x60 VL53L0X_1.0.2/Api/core/src/vl53l0x_api.o
                0x00000000080093d4                VL53L0X_PerformSingleRangingMeasurement
 .text.VL53L0X_SetGpioConfig
                0x0000000008009434      0x248 VL53L0X_1.0.2/Api/core/src/vl53l0x_api.o
                0x0000000008009434                VL53L0X_SetGpioConfig
 .text.VL53L0X_GetInterruptThresholds
                0x000000000800967c       0x6c VL53L0X_1.0.2/Api/core/src/vl53l0x_api.o
                0x000000000800967c                VL53L0X_GetInterruptThresholds
 .text.VL53L0X_ClearInterruptMask
                0x00000000080096e8       0x80 VL53L0X_1.0.2/Api/core/src/vl53l0x_api.o
                0x00000000080096e8                VL53L0X_ClearInterruptMask
 .text.VL53L0X_GetInterruptMaskStatus
                0x0000000008009768       0x44 VL53L0X_1.0.2/Api/core/src/vl53l0x_api.o
                0x0000000008009768                VL53L0X_GetInterruptMaskStatus
 .text.VL53L0X_PerformRefSpadManagement
                0x00000000080097ac       0x2a VL53L0X_1.0.2/Api/core/src/vl53l0x_api.o
                0x00000000080097ac                VL53L0X_PerformRefSpadManagement
 .text.VL53L0X_get_offset_calibration_data_micro_meter
                0x00000000080097d6       0x7e VL53L0X_1.0.2/Api/core/src/vl53l0x_api_calibration.o
                0x00000000080097d6                VL53L0X_get_offset_calibration_data_micro_meter
 .text.get_next_good_spad
                0x0000000008009854       0xbc VL53L0X_1.0.2/Api/core/src/vl53l0x_api_calibration.o
                0x0000000008009854                get_next_good_spad
 .text.is_aperture
                0x0000000008009910       0x34 VL53L0X_1.0.2/Api/core/src/vl53l0x_api_calibration.o
                0x0000000008009910                is_aperture
 .text.enable_spad_bit
                0x0000000008009944       0x70 VL53L0X_1.0.2/Api/core/src/vl53l0x_api_calibration.o
                0x0000000008009944                enable_spad_bit
 .text.set_ref_spad_map
                0x00000000080099b4       0x26 VL53L0X_1.0.2/Api/core/src/vl53l0x_api_calibration.o
                0x00000000080099b4                set_ref_spad_map
 .text.get_ref_spad_map
                0x00000000080099da       0x26 VL53L0X_1.0.2/Api/core/src/vl53l0x_api_calibration.o
                0x00000000080099da                get_ref_spad_map
 .text.enable_ref_spads
                0x0000000008009a00       0xf8 VL53L0X_1.0.2/Api/core/src/vl53l0x_api_calibration.o
                0x0000000008009a00                enable_ref_spads
 .text.perform_ref_signal_measurement
                0x0000000008009af8       0xd4 VL53L0X_1.0.2/Api/core/src/vl53l0x_api_calibration.o
                0x0000000008009af8                perform_ref_signal_measurement
 .text.VL53L0X_perform_ref_spad_management
                0x0000000008009bcc      0x418 VL53L0X_1.0.2/Api/core/src/vl53l0x_api_calibration.o
                0x0000000008009bcc                VL53L0X_perform_ref_spad_management
 .text.VL53L0X_set_reference_spads
                0x0000000008009fe4      0x14a VL53L0X_1.0.2/Api/core/src/vl53l0x_api_calibration.o
                0x0000000008009fe4                VL53L0X_set_reference_spads
 .text.VL53L0X_perform_single_ref_calibration
                0x000000000800a12e       0x76 VL53L0X_1.0.2/Api/core/src/vl53l0x_api_calibration.o
                0x000000000800a12e                VL53L0X_perform_single_ref_calibration
 .text.VL53L0X_ref_calibration_io
                0x000000000800a1a4      0x132 VL53L0X_1.0.2/Api/core/src/vl53l0x_api_calibration.o
                0x000000000800a1a4                VL53L0X_ref_calibration_io
 .text.VL53L0X_perform_vhv_calibration
                0x000000000800a2d6       0xce VL53L0X_1.0.2/Api/core/src/vl53l0x_api_calibration.o
                0x000000000800a2d6                VL53L0X_perform_vhv_calibration
 .text.VL53L0X_perform_phase_calibration
                0x000000000800a3a4       0xca VL53L0X_1.0.2/Api/core/src/vl53l0x_api_calibration.o
                0x000000000800a3a4                VL53L0X_perform_phase_calibration
 .text.VL53L0X_perform_ref_calibration
                0x000000000800a46e       0x7a VL53L0X_1.0.2/Api/core/src/vl53l0x_api_calibration.o
                0x000000000800a46e                VL53L0X_perform_ref_calibration
 .text.VL53L0X_measurement_poll_for_completion
                0x000000000800a4e8       0x60 VL53L0X_1.0.2/Api/core/src/vl53l0x_api_core.o
                0x000000000800a4e8                VL53L0X_measurement_poll_for_completion
 .text.VL53L0X_decode_vcsel_period
                0x000000000800a548       0x26 VL53L0X_1.0.2/Api/core/src/vl53l0x_api_core.o
                0x000000000800a548                VL53L0X_decode_vcsel_period
 .text.VL53L0X_isqrt
                0x000000000800a56e       0x68 VL53L0X_1.0.2/Api/core/src/vl53l0x_api_core.o
                0x000000000800a56e                VL53L0X_isqrt
 .text.VL53L0X_device_read_strobe
                0x000000000800a5d6       0x86 VL53L0X_1.0.2/Api/core/src/vl53l0x_api_core.o
                0x000000000800a5d6                VL53L0X_device_read_strobe
 .text.VL53L0X_get_info_from_device
                0x000000000800a65c      0x99a VL53L0X_1.0.2/Api/core/src/vl53l0x_api_core.o
                0x000000000800a65c                VL53L0X_get_info_from_device
 .text.VL53L0X_calc_macro_period_ps
                0x000000000800aff6       0x3a VL53L0X_1.0.2/Api/core/src/vl53l0x_api_core.o
                0x000000000800aff6                VL53L0X_calc_macro_period_ps
 .text.VL53L0X_encode_timeout
                0x000000000800b030       0x58 VL53L0X_1.0.2/Api/core/src/vl53l0x_api_core.o
                0x000000000800b030                VL53L0X_encode_timeout
 .text.VL53L0X_decode_timeout
                0x000000000800b088       0x2c VL53L0X_1.0.2/Api/core/src/vl53l0x_api_core.o
                0x000000000800b088                VL53L0X_decode_timeout
 .text.VL53L0X_calc_timeout_mclks
                0x000000000800b0b4       0x54 VL53L0X_1.0.2/Api/core/src/vl53l0x_api_core.o
                0x000000000800b0b4                VL53L0X_calc_timeout_mclks
 .text.VL53L0X_calc_timeout_us
                0x000000000800b108       0x54 VL53L0X_1.0.2/Api/core/src/vl53l0x_api_core.o
                0x000000000800b108                VL53L0X_calc_timeout_us
 .text.get_sequence_step_timeout
                0x000000000800b15c      0x1c2 VL53L0X_1.0.2/Api/core/src/vl53l0x_api_core.o
                0x000000000800b15c                get_sequence_step_timeout
 .text.set_sequence_step_timeout
                0x000000000800b31e      0x1e4 VL53L0X_1.0.2/Api/core/src/vl53l0x_api_core.o
                0x000000000800b31e                set_sequence_step_timeout
 .text.VL53L0X_get_vcsel_pulse_period
                0x000000000800b502       0x6e VL53L0X_1.0.2/Api/core/src/vl53l0x_api_core.o
                0x000000000800b502                VL53L0X_get_vcsel_pulse_period
 .text.VL53L0X_set_measurement_timing_budget_micro_seconds
                0x000000000800b570      0x1c0 VL53L0X_1.0.2/Api/core/src/vl53l0x_api_core.o
                0x000000000800b570                VL53L0X_set_measurement_timing_budget_micro_seconds
 .text.VL53L0X_get_measurement_timing_budget_micro_seconds
                0x000000000800b730      0x162 VL53L0X_1.0.2/Api/core/src/vl53l0x_api_core.o
                0x000000000800b730                VL53L0X_get_measurement_timing_budget_micro_seconds
 *fill*         0x000000000800b892        0x2 
 .text.VL53L0X_load_tuning_settings
                0x000000000800b894      0x1c4 VL53L0X_1.0.2/Api/core/src/vl53l0x_api_core.o
                0x000000000800b894                VL53L0X_load_tuning_settings
 .text.VL53L0X_get_total_xtalk_rate
                0x000000000800ba58       0x5e VL53L0X_1.0.2/Api/core/src/vl53l0x_api_core.o
                0x000000000800ba58                VL53L0X_get_total_xtalk_rate
 .text.VL53L0X_get_total_signal_rate
                0x000000000800bab6       0x4a VL53L0X_1.0.2/Api/core/src/vl53l0x_api_core.o
                0x000000000800bab6                VL53L0X_get_total_signal_rate
 .text.VL53L0X_calc_dmax
                0x000000000800bb00      0x240 VL53L0X_1.0.2/Api/core/src/vl53l0x_api_core.o
                0x000000000800bb00                VL53L0X_calc_dmax
 .text.VL53L0X_calc_sigma_estimate
                0x000000000800bd40      0x4a4 VL53L0X_1.0.2/Api/core/src/vl53l0x_api_core.o
                0x000000000800bd40                VL53L0X_calc_sigma_estimate
 .text.VL53L0X_get_pal_range_status
                0x000000000800c1e4      0x3b6 VL53L0X_1.0.2/Api/core/src/vl53l0x_api_core.o
                0x000000000800c1e4                VL53L0X_get_pal_range_status
 .text.VL53L0X_check_part_used
                0x000000000800c59a       0x6a VL53L0X_1.0.2/Api/core/src/vl53l0x_api_strings.o
                0x000000000800c59a                VL53L0X_check_part_used
 .text.VL53L0X_get_device_info
                0x000000000800c604      0x108 VL53L0X_1.0.2/Api/core/src/vl53l0x_api_strings.o
                0x000000000800c604                VL53L0X_get_device_info
 .text.VL53L0X_get_range_status_string
                0x000000000800c70c       0xf4 VL53L0X_1.0.2/Api/core/src/vl53l0x_api_strings.o
                0x000000000800c70c                VL53L0X_get_range_status_string
 .text.VL53L0X_get_pal_error_string
                0x000000000800c800      0x404 VL53L0X_1.0.2/Api/core/src/vl53l0x_api_strings.o
                0x000000000800c800                VL53L0X_get_pal_error_string
 .text.VL53L0X_write_multi
                0x000000000800cc04       0x48 VL53L0X_1.0.2/Api/platform/src/vl53l0x_i2c_win_serial_comms.o
                0x000000000800cc04                VL53L0X_write_multi
 .text.VL53L0X_read_multi
                0x000000000800cc4c       0x4c VL53L0X_1.0.2/Api/platform/src/vl53l0x_i2c_win_serial_comms.o
                0x000000000800cc4c                VL53L0X_read_multi
 .text.VL53L0X_write_byte
                0x000000000800cc98       0x32 VL53L0X_1.0.2/Api/platform/src/vl53l0x_i2c_win_serial_comms.o
                0x000000000800cc98                VL53L0X_write_byte
 .text.VL53L0X_write_word
                0x000000000800ccca       0x40 VL53L0X_1.0.2/Api/platform/src/vl53l0x_i2c_win_serial_comms.o
                0x000000000800ccca                VL53L0X_write_word
 .text.VL53L0X_read_byte
                0x000000000800cd0a       0x30 VL53L0X_1.0.2/Api/platform/src/vl53l0x_i2c_win_serial_comms.o
                0x000000000800cd0a                VL53L0X_read_byte
 .text.VL53L0X_read_word
                0x000000000800cd3a       0x42 VL53L0X_1.0.2/Api/platform/src/vl53l0x_i2c_win_serial_comms.o
                0x000000000800cd3a                VL53L0X_read_word
 .text.VL53L0X_read_dword
                0x000000000800cd7c       0x46 VL53L0X_1.0.2/Api/platform/src/vl53l0x_i2c_win_serial_comms.o
                0x000000000800cd7c                VL53L0X_read_dword
 .text.VL53L0X_WriteMulti
                0x000000000800cdc2       0x4e VL53L0X_1.0.2/Api/platform/src/vl53l0x_platform.o
                0x000000000800cdc2                VL53L0X_WriteMulti
 .text.VL53L0X_ReadMulti
                0x000000000800ce10       0x4a VL53L0X_1.0.2/Api/platform/src/vl53l0x_platform.o
                0x000000000800ce10                VL53L0X_ReadMulti
 .text.VL53L0X_WrByte
                0x000000000800ce5a       0x40 VL53L0X_1.0.2/Api/platform/src/vl53l0x_platform.o
                0x000000000800ce5a                VL53L0X_WrByte
 .text.VL53L0X_WrWord
                0x000000000800ce9a       0x40 VL53L0X_1.0.2/Api/platform/src/vl53l0x_platform.o
                0x000000000800ce9a                VL53L0X_WrWord
 .text.VL53L0X_UpdateByte
                0x000000000800ceda       0x7c VL53L0X_1.0.2/Api/platform/src/vl53l0x_platform.o
                0x000000000800ceda                VL53L0X_UpdateByte
 .text.VL53L0X_RdByte
                0x000000000800cf56       0x3e VL53L0X_1.0.2/Api/platform/src/vl53l0x_platform.o
                0x000000000800cf56                VL53L0X_RdByte
 .text.VL53L0X_RdWord
                0x000000000800cf94       0x3e VL53L0X_1.0.2/Api/platform/src/vl53l0x_platform.o
                0x000000000800cf94                VL53L0X_RdWord
 .text.VL53L0X_RdDWord
                0x000000000800cfd2       0x3e VL53L0X_1.0.2/Api/platform/src/vl53l0x_platform.o
                0x000000000800cfd2                VL53L0X_RdDWord
 .text.VL53L0X_PollingDelay
                0x000000000800d010       0x16 VL53L0X_1.0.2/Api/platform/src/vl53l0x_platform.o
                0x000000000800d010                VL53L0X_PollingDelay
 *fill*         0x000000000800d026        0x2 
 .text.__errno  0x000000000800d028        0xc /home/martin/opt/st/stm32cubeide_1.5.1/plugins/com.st.stm32cube.ide.mcu.externaltools.gnu-tools-for-stm32.7-2018-q2-update.linux64_1.5.0.202011040924/tools/bin/../lib/gcc/arm-none-eabi/7.3.1/../../../../arm-none-eabi/lib/thumb/v7e-m/fpv4-sp/hard/libc_nano.a(lib_a-errno.o)
                0x000000000800d028                __errno
 .text.__libc_init_array
                0x000000000800d034       0x48 /home/martin/opt/st/stm32cubeide_1.5.1/plugins/com.st.stm32cube.ide.mcu.externaltools.gnu-tools-for-stm32.7-2018-q2-update.linux64_1.5.0.202011040924/tools/bin/../lib/gcc/arm-none-eabi/7.3.1/../../../../arm-none-eabi/lib/thumb/v7e-m/fpv4-sp/hard/libc_nano.a(lib_a-init.o)
                0x000000000800d034                __libc_init_array
 .text.malloc   0x000000000800d07c       0x10 /home/martin/opt/st/stm32cubeide_1.5.1/plugins/com.st.stm32cube.ide.mcu.externaltools.gnu-tools-for-stm32.7-2018-q2-update.linux64_1.5.0.202011040924/tools/bin/../lib/gcc/arm-none-eabi/7.3.1/../../../../arm-none-eabi/lib/thumb/v7e-m/fpv4-sp/hard/libc_nano.a(lib_a-malloc.o)
                0x000000000800d07c                malloc
 .text.free     0x000000000800d08c       0x10 /home/martin/opt/st/stm32cubeide_1.5.1/plugins/com.st.stm32cube.ide.mcu.externaltools.gnu-tools-for-stm32.7-2018-q2-update.linux64_1.5.0.202011040924/tools/bin/../lib/gcc/arm-none-eabi/7.3.1/../../../../arm-none-eabi/lib/thumb/v7e-m/fpv4-sp/hard/libc_nano.a(lib_a-malloc.o)
                0x000000000800d08c                free
 .text.memcpy   0x000000000800d09c       0x16 /home/martin/opt/st/stm32cubeide_1.5.1/plugins/com.st.stm32cube.ide.mcu.externaltools.gnu-tools-for-stm32.7-2018-q2-update.linux64_1.5.0.202011040924/tools/bin/../lib/gcc/arm-none-eabi/7.3.1/../../../../arm-none-eabi/lib/thumb/v7e-m/fpv4-sp/hard/libc_nano.a(lib_a-memcpy-stub.o)
                0x000000000800d09c                memcpy
 .text.memset   0x000000000800d0b2       0x10 /home/martin/opt/st/stm32cubeide_1.5.1/plugins/com.st.stm32cube.ide.mcu.externaltools.gnu-tools-for-stm32.7-2018-q2-update.linux64_1.5.0.202011040924/tools/bin/../lib/gcc/arm-none-eabi/7.3.1/../../../../arm-none-eabi/lib/thumb/v7e-m/fpv4-sp/hard/libc_nano.a(lib_a-memset.o)
                0x000000000800d0b2                memset
 *fill*         0x000000000800d0c2        0x2 
 .text._free_r  0x000000000800d0c4       0x9c /home/martin/opt/st/stm32cubeide_1.5.1/plugins/com.st.stm32cube.ide.mcu.externaltools.gnu-tools-for-stm32.7-2018-q2-update.linux64_1.5.0.202011040924/tools/bin/../lib/gcc/arm-none-eabi/7.3.1/../../../../arm-none-eabi/lib/thumb/v7e-m/fpv4-sp/hard/libc_nano.a(lib_a-nano-freer.o)
                0x000000000800d0c4                _free_r
 .text._malloc_r
                0x000000000800d160       0xb4 /home/martin/opt/st/stm32cubeide_1.5.1/plugins/com.st.stm32cube.ide.mcu.externaltools.gnu-tools-for-stm32.7-2018-q2-update.linux64_1.5.0.202011040924/tools/bin/../lib/gcc/arm-none-eabi/7.3.1/../../../../arm-none-eabi/lib/thumb/v7e-m/fpv4-sp/hard/libc_nano.a(lib_a-nano-mallocr.o)
                0x000000000800d160                _malloc_r
 .text._sbrk_r  0x000000000800d214       0x20 /home/martin/opt/st/stm32cubeide_1.5.1/plugins/com.st.stm32cube.ide.mcu.externaltools.gnu-tools-for-stm32.7-2018-q2-update.linux64_1.5.0.202011040924/tools/bin/../lib/gcc/arm-none-eabi/7.3.1/../../../../arm-none-eabi/lib/thumb/v7e-m/fpv4-sp/hard/libc_nano.a(lib_a-sbrkr.o)
                0x000000000800d214                _sbrk_r
 .text.strcpy   0x000000000800d234       0x10 /home/martin/opt/st/stm32cubeide_1.5.1/plugins/com.st.stm32cube.ide.mcu.externaltools.gnu-tools-for-stm32.7-2018-q2-update.linux64_1.5.0.202011040924/tools/bin/../lib/gcc/arm-none-eabi/7.3.1/../../../../arm-none-eabi/lib/thumb/v7e-m/fpv4-sp/hard/libc_nano.a(lib_a-strcpy.o)
                0x000000000800d234                strcpy
 .text._vsprintf_r
                0x000000000800d244       0x2c /home/martin/opt/st/stm32cubeide_1.5.1/plugins/com.st.stm32cube.ide.mcu.externaltools.gnu-tools-for-stm32.7-2018-q2-update.linux64_1.5.0.202011040924/tools/bin/../lib/gcc/arm-none-eabi/7.3.1/../../../../arm-none-eabi/lib/thumb/v7e-m/fpv4-sp/hard/libc_nano.a(lib_a-vsprintf.o)
                0x000000000800d244                _vsiprintf_r
                0x000000000800d244                _vsprintf_r
 .text.vsprintf
                0x000000000800d270       0x14 /home/martin/opt/st/stm32cubeide_1.5.1/plugins/com.st.stm32cube.ide.mcu.externaltools.gnu-tools-for-stm32.7-2018-q2-update.linux64_1.5.0.202011040924/tools/bin/../lib/gcc/arm-none-eabi/7.3.1/../../../../arm-none-eabi/lib/thumb/v7e-m/fpv4-sp/hard/libc_nano.a(lib_a-vsprintf.o)
                0x000000000800d270                vsprintf
                0x000000000800d270                vsiprintf
 .text.__malloc_lock
                0x000000000800d284        0x2 /home/martin/opt/st/stm32cubeide_1.5.1/plugins/com.st.stm32cube.ide.mcu.externaltools.gnu-tools-for-stm32.7-2018-q2-update.linux64_1.5.0.202011040924/tools/bin/../lib/gcc/arm-none-eabi/7.3.1/../../../../arm-none-eabi/lib/thumb/v7e-m/fpv4-sp/hard/libc_nano.a(lib_a-mlock.o)
                0x000000000800d284                __malloc_lock
 .text.__malloc_unlock
                0x000000000800d286        0x2 /home/martin/opt/st/stm32cubeide_1.5.1/plugins/com.st.stm32cube.ide.mcu.externaltools.gnu-tools-for-stm32.7-2018-q2-update.linux64_1.5.0.202011040924/tools/bin/../lib/gcc/arm-none-eabi/7.3.1/../../../../arm-none-eabi/lib/thumb/v7e-m/fpv4-sp/hard/libc_nano.a(lib_a-mlock.o)
                0x000000000800d286                __malloc_unlock
 .text.__ssputs_r
                0x000000000800d288       0xb4 /home/martin/opt/st/stm32cubeide_1.5.1/plugins/com.st.stm32cube.ide.mcu.externaltools.gnu-tools-for-stm32.7-2018-q2-update.linux64_1.5.0.202011040924/tools/bin/../lib/gcc/arm-none-eabi/7.3.1/../../../../arm-none-eabi/lib/thumb/v7e-m/fpv4-sp/hard/libc_nano.a(lib_a-nano-svfprintf.o)
                0x000000000800d288                __ssputs_r
 .text._svfprintf_r
                0x000000000800d33c      0x1f0 /home/martin/opt/st/stm32cubeide_1.5.1/plugins/com.st.stm32cube.ide.mcu.externaltools.gnu-tools-for-stm32.7-2018-q2-update.linux64_1.5.0.202011040924/tools/bin/../lib/gcc/arm-none-eabi/7.3.1/../../../../arm-none-eabi/lib/thumb/v7e-m/fpv4-sp/hard/libc_nano.a(lib_a-nano-svfprintf.o)
                0x000000000800d33c                _svfprintf_r
                0x000000000800d33c                _svfiprintf_r
 .text._printf_common
                0x000000000800d52c       0xea /home/martin/opt/st/stm32cubeide_1.5.1/plugins/com.st.stm32cube.ide.mcu.externaltools.gnu-tools-for-stm32.7-2018-q2-update.linux64_1.5.0.202011040924/tools/bin/../lib/gcc/arm-none-eabi/7.3.1/../../../../arm-none-eabi/lib/thumb/v7e-m/fpv4-sp/hard/libc_nano.a(lib_a-nano-vfprintf_i.o)
                0x000000000800d52c                _printf_common
 *fill*         0x000000000800d616        0x2 
 .text._printf_i
                0x000000000800d618      0x224 /home/martin/opt/st/stm32cubeide_1.5.1/plugins/com.st.stm32cube.ide.mcu.externaltools.gnu-tools-for-stm32.7-2018-q2-update.linux64_1.5.0.202011040924/tools/bin/../lib/gcc/arm-none-eabi/7.3.1/../../../../arm-none-eabi/lib/thumb/v7e-m/fpv4-sp/hard/libc_nano.a(lib_a-nano-vfprintf_i.o)
                0x000000000800d618                _printf_i
 .text.memmove  0x000000000800d83c       0x32 /home/martin/opt/st/stm32cubeide_1.5.1/plugins/com.st.stm32cube.ide.mcu.externaltools.gnu-tools-for-stm32.7-2018-q2-update.linux64_1.5.0.202011040924/tools/bin/../lib/gcc/arm-none-eabi/7.3.1/../../../../arm-none-eabi/lib/thumb/v7e-m/fpv4-sp/hard/libc_nano.a(lib_a-memmove.o)
                0x000000000800d83c                memmove
 .text._realloc_r
                0x000000000800d86e       0x4c /home/martin/opt/st/stm32cubeide_1.5.1/plugins/com.st.stm32cube.ide.mcu.externaltools.gnu-tools-for-stm32.7-2018-q2-update.linux64_1.5.0.202011040924/tools/bin/../lib/gcc/arm-none-eabi/7.3.1/../../../../arm-none-eabi/lib/thumb/v7e-m/fpv4-sp/hard/libc_nano.a(lib_a-nano-reallocr.o)
                0x000000000800d86e                _realloc_r
 .text._malloc_usable_size_r
                0x000000000800d8ba       0x10 /home/martin/opt/st/stm32cubeide_1.5.1/plugins/com.st.stm32cube.ide.mcu.externaltools.gnu-tools-for-stm32.7-2018-q2-update.linux64_1.5.0.202011040924/tools/bin/../lib/gcc/arm-none-eabi/7.3.1/../../../../arm-none-eabi/lib/thumb/v7e-m/fpv4-sp/hard/libc_nano.a(lib_a-nano-msizer.o)
                0x000000000800d8ba                _malloc_usable_size_r
 *(.glue_7)
 .glue_7        0x000000000800d8ca        0x0 linker stubs
 *(.glue_7t)
 .glue_7t       0x000000000800d8ca        0x0 linker stubs
 *(.eh_frame)
 *fill*         0x000000000800d8ca        0x2 
 .eh_frame      0x000000000800d8cc        0x0 /home/martin/opt/st/stm32cubeide_1.5.1/plugins/com.st.stm32cube.ide.mcu.externaltools.gnu-tools-for-stm32.7-2018-q2-update.linux64_1.5.0.202011040924/tools/bin/../lib/gcc/arm-none-eabi/7.3.1/thumb/v7e-m/fpv4-sp/hard/crtbegin.o
 *(.init)
 .init          0x000000000800d8cc        0x4 /home/martin/opt/st/stm32cubeide_1.5.1/plugins/com.st.stm32cube.ide.mcu.externaltools.gnu-tools-for-stm32.7-2018-q2-update.linux64_1.5.0.202011040924/tools/bin/../lib/gcc/arm-none-eabi/7.3.1/thumb/v7e-m/fpv4-sp/hard/crti.o
                0x000000000800d8cc                _init
 .init          0x000000000800d8d0        0x8 /home/martin/opt/st/stm32cubeide_1.5.1/plugins/com.st.stm32cube.ide.mcu.externaltools.gnu-tools-for-stm32.7-2018-q2-update.linux64_1.5.0.202011040924/tools/bin/../lib/gcc/arm-none-eabi/7.3.1/thumb/v7e-m/fpv4-sp/hard/crtn.o
 *(.fini)
 .fini          0x000000000800d8d8        0x4 /home/martin/opt/st/stm32cubeide_1.5.1/plugins/com.st.stm32cube.ide.mcu.externaltools.gnu-tools-for-stm32.7-2018-q2-update.linux64_1.5.0.202011040924/tools/bin/../lib/gcc/arm-none-eabi/7.3.1/thumb/v7e-m/fpv4-sp/hard/crti.o
                0x000000000800d8d8                _fini
 .fini          0x000000000800d8dc        0x8 /home/martin/opt/st/stm32cubeide_1.5.1/plugins/com.st.stm32cube.ide.mcu.externaltools.gnu-tools-for-stm32.7-2018-q2-update.linux64_1.5.0.202011040924/tools/bin/../lib/gcc/arm-none-eabi/7.3.1/thumb/v7e-m/fpv4-sp/hard/crtn.o
                0x000000000800d8e4                . = ALIGN (0x4)
                0x000000000800d8e4                _etext = .

.vfp11_veneer   0x000000000800d8e4        0x0
 .vfp11_veneer  0x000000000800d8e4        0x0 linker stubs

.v4_bx          0x000000000800d8e4        0x0
 .v4_bx         0x000000000800d8e4        0x0 linker stubs

.iplt           0x000000000800d8e4        0x0
 .iplt          0x000000000800d8e4        0x0 /home/martin/opt/st/stm32cubeide_1.5.1/plugins/com.st.stm32cube.ide.mcu.externaltools.gnu-tools-for-stm32.7-2018-q2-update.linux64_1.5.0.202011040924/tools/bin/../lib/gcc/arm-none-eabi/7.3.1/thumb/v7e-m/fpv4-sp/hard/crtbegin.o

.rodata         0x000000000800d8e4      0x71c
                0x000000000800d8e4                . = ALIGN (0x4)
 *(.rodata)
 .rodata        0x000000000800d8e4      0x1e4 Core/Src/main.o
 .rodata        0x000000000800dac8       0x46 USB_DEVICE/App/usbd_desc.o
 *fill*         0x000000000800db0e        0x2 
 .rodata        0x000000000800db10      0x4a2 VL53L0X_1.0.2/Api/core/src/vl53l0x_api_strings.o
 *(.rodata*)
 *fill*         0x000000000800dfb2        0x2 
 .rodata.AHBPrescTable
                0x000000000800dfb4       0x10 Core/Src/system_stm32f4xx.o
                0x000000000800dfb4                AHBPrescTable
 .rodata.APBPrescTable
                0x000000000800dfc4        0x8 Core/Src/system_stm32f4xx.o
                0x000000000800dfc4                APBPrescTable
 .rodata._svfprintf_r.str1.1
                0x000000000800dfcc       0x11 /home/martin/opt/st/stm32cubeide_1.5.1/plugins/com.st.stm32cube.ide.mcu.externaltools.gnu-tools-for-stm32.7-2018-q2-update.linux64_1.5.0.202011040924/tools/bin/../lib/gcc/arm-none-eabi/7.3.1/../../../../arm-none-eabi/lib/thumb/v7e-m/fpv4-sp/hard/libc_nano.a(lib_a-nano-svfprintf.o)
 .rodata._printf_i.str1.1
                0x000000000800dfdd       0x22 /home/martin/opt/st/stm32cubeide_1.5.1/plugins/com.st.stm32cube.ide.mcu.externaltools.gnu-tools-for-stm32.7-2018-q2-update.linux64_1.5.0.202011040924/tools/bin/../lib/gcc/arm-none-eabi/7.3.1/../../../../arm-none-eabi/lib/thumb/v7e-m/fpv4-sp/hard/libc_nano.a(lib_a-nano-vfprintf_i.o)
                0x000000000800e000                . = ALIGN (0x4)
 *fill*         0x000000000800dfff        0x1 

.ARM.extab      0x000000000800e000        0x0
                0x000000000800e000                . = ALIGN (0x4)
 *(.ARM.extab* .gnu.linkonce.armextab.*)
                0x000000000800e000                . = ALIGN (0x4)

.ARM            0x000000000800e000        0x8
                0x000000000800e000                . = ALIGN (0x4)
                0x000000000800e000                __exidx_start = .
 *(.ARM.exidx*)
 .ARM.exidx     0x000000000800e000        0x8 /home/martin/opt/st/stm32cubeide_1.5.1/plugins/com.st.stm32cube.ide.mcu.externaltools.gnu-tools-for-stm32.7-2018-q2-update.linux64_1.5.0.202011040924/tools/bin/../lib/gcc/arm-none-eabi/7.3.1/thumb/v7e-m/fpv4-sp/hard/libgcc.a(_udivmoddi4.o)
                0x000000000800e008                __exidx_end = .
                0x000000000800e008                . = ALIGN (0x4)

.rel.dyn        0x000000000800e008        0x0
 .rel.iplt      0x000000000800e008        0x0 /home/martin/opt/st/stm32cubeide_1.5.1/plugins/com.st.stm32cube.ide.mcu.externaltools.gnu-tools-for-stm32.7-2018-q2-update.linux64_1.5.0.202011040924/tools/bin/../lib/gcc/arm-none-eabi/7.3.1/thumb/v7e-m/fpv4-sp/hard/crtbegin.o

.preinit_array  0x000000000800e008        0x0
                0x000000000800e008                . = ALIGN (0x4)
                0x000000000800e008                PROVIDE (__preinit_array_start = .)
 *(.preinit_array*)
                0x000000000800e008                PROVIDE (__preinit_array_end = .)
                0x000000000800e008                . = ALIGN (0x4)

.init_array     0x000000000800e008        0x4
                0x000000000800e008                . = ALIGN (0x4)
                0x000000000800e008                PROVIDE (__init_array_start = .)
 *(SORT_BY_NAME(.init_array.*))
 *(.init_array*)
 .init_array    0x000000000800e008        0x4 /home/martin/opt/st/stm32cubeide_1.5.1/plugins/com.st.stm32cube.ide.mcu.externaltools.gnu-tools-for-stm32.7-2018-q2-update.linux64_1.5.0.202011040924/tools/bin/../lib/gcc/arm-none-eabi/7.3.1/thumb/v7e-m/fpv4-sp/hard/crtbegin.o
                0x000000000800e00c                PROVIDE (__init_array_end = .)
                0x000000000800e00c                . = ALIGN (0x4)

.fini_array     0x000000000800e00c        0x4
                0x000000000800e00c                . = ALIGN (0x4)
                [!provide]                        PROVIDE (__fini_array_start = .)
 *(SORT_BY_NAME(.fini_array.*))
 *(.fini_array*)
 .fini_array    0x000000000800e00c        0x4 /home/martin/opt/st/stm32cubeide_1.5.1/plugins/com.st.stm32cube.ide.mcu.externaltools.gnu-tools-for-stm32.7-2018-q2-update.linux64_1.5.0.202011040924/tools/bin/../lib/gcc/arm-none-eabi/7.3.1/thumb/v7e-m/fpv4-sp/hard/crtbegin.o
                [!provide]                        PROVIDE (__fini_array_end = .)
                0x000000000800e010                . = ALIGN (0x4)
                0x000000000800e010                _sidata = LOADADDR (.data)

.data           0x0000000020000000      0x4a0 load address 0x000000000800e010
                0x0000000020000000                . = ALIGN (0x4)
                0x0000000020000000                _sdata = .
 *(.data)
 *(.data*)
 .data.SystemCoreClock
                0x0000000020000000        0x4 Core/Src/system_stm32f4xx.o
                0x0000000020000000                SystemCoreClock
 .data.uwTickPrio
                0x0000000020000004        0x4 Drivers/STM32F4xx_HAL_Driver/Src/stm32f4xx_hal.o
                0x0000000020000004                uwTickPrio
 .data.uwTickFreq
                0x0000000020000008        0x1 Drivers/STM32F4xx_HAL_Driver/Src/stm32f4xx_hal.o
                0x0000000020000008                uwTickFreq
 *fill*         0x0000000020000009        0x3 
 .data.USBD_CDC_DeviceQualifierDesc
                0x000000002000000c        0xa Middlewares/ST/STM32_USB_Device_Library/Class/CDC/Src/usbd_cdc.o
 *fill*         0x0000000020000016        0x2 
 .data.USBD_CDC
                0x0000000020000018       0x38 Middlewares/ST/STM32_USB_Device_Library/Class/CDC/Src/usbd_cdc.o
                0x0000000020000018                USBD_CDC
 .data.USBD_CDC_CfgHSDesc
                0x0000000020000050       0x43 Middlewares/ST/STM32_USB_Device_Library/Class/CDC/Src/usbd_cdc.o
 *fill*         0x0000000020000093        0x1 
 .data.USBD_CDC_CfgFSDesc
                0x0000000020000094       0x43 Middlewares/ST/STM32_USB_Device_Library/Class/CDC/Src/usbd_cdc.o
 *fill*         0x00000000200000d7        0x1 
 .data.USBD_CDC_OtherSpeedCfgDesc
                0x00000000200000d8       0x43 Middlewares/ST/STM32_USB_Device_Library/Class/CDC/Src/usbd_cdc.o
 *fill*         0x000000002000011b        0x1 
 .data.USBD_Interface_fops_FS
                0x000000002000011c       0x14 USB_DEVICE/App/usbd_cdc_if.o
                0x000000002000011c                USBD_Interface_fops_FS
 .data.FS_Desc  0x0000000020000130       0x1c USB_DEVICE/App/usbd_desc.o
                0x0000000020000130                FS_Desc
 .data.USBD_FS_DeviceDesc
                0x000000002000014c       0x12 USB_DEVICE/App/usbd_desc.o
                0x000000002000014c                USBD_FS_DeviceDesc
 *fill*         0x000000002000015e        0x2 
 .data.USBD_LangIDDesc
                0x0000000020000160        0x4 USB_DEVICE/App/usbd_desc.o
                0x0000000020000160                USBD_LangIDDesc
 .data.USBD_StringSerial
                0x0000000020000164       0x1a USB_DEVICE/App/usbd_desc.o
                0x0000000020000164                USBD_StringSerial
 *fill*         0x000000002000017e        0x2 
 .data.DefaultTuningSettings
                0x0000000020000180       0xf3 VL53L0X_1.0.2/Api/core/src/vl53l0x_api.o
                0x0000000020000180                DefaultTuningSettings
 *fill*         0x0000000020000273        0x1 
 .data.InterruptThresholdSettings
                0x0000000020000274      0x1b6 VL53L0X_1.0.2/Api/core/src/vl53l0x_api.o
                0x0000000020000274                InterruptThresholdSettings
 *fill*         0x000000002000042a        0x2 
 .data.refArrayQuadrants
                0x000000002000042c       0x10 VL53L0X_1.0.2/Api/core/src/vl53l0x_api_calibration.o
                0x000000002000042c                refArrayQuadrants
 .data._impure_ptr
                0x000000002000043c        0x4 /home/martin/opt/st/stm32cubeide_1.5.1/plugins/com.st.stm32cube.ide.mcu.externaltools.gnu-tools-for-stm32.7-2018-q2-update.linux64_1.5.0.202011040924/tools/bin/../lib/gcc/arm-none-eabi/7.3.1/../../../../arm-none-eabi/lib/thumb/v7e-m/fpv4-sp/hard/libc_nano.a(lib_a-impure.o)
                0x000000002000043c                _impure_ptr
 .data.impure_data
                0x0000000020000440       0x60 /home/martin/opt/st/stm32cubeide_1.5.1/plugins/com.st.stm32cube.ide.mcu.externaltools.gnu-tools-for-stm32.7-2018-q2-update.linux64_1.5.0.202011040924/tools/bin/../lib/gcc/arm-none-eabi/7.3.1/../../../../arm-none-eabi/lib/thumb/v7e-m/fpv4-sp/hard/libc_nano.a(lib_a-impure.o)
 *(.RamFunc)
 *(.RamFunc*)
                0x00000000200004a0                . = ALIGN (0x4)
                0x00000000200004a0                _edata = .

.igot.plt       0x00000000200004a0        0x0 load address 0x000000000800e4b0
 .igot.plt      0x00000000200004a0        0x0 /home/martin/opt/st/stm32cubeide_1.5.1/plugins/com.st.stm32cube.ide.mcu.externaltools.gnu-tools-for-stm32.7-2018-q2-update.linux64_1.5.0.202011040924/tools/bin/../lib/gcc/arm-none-eabi/7.3.1/thumb/v7e-m/fpv4-sp/hard/crtbegin.o
                0x00000000200004a0                . = ALIGN (0x4)

.bss            0x00000000200004a0     0x1de4 load address 0x000000000800e4b0
                0x00000000200004a0                _sbss = .
                0x00000000200004a0                __bss_start__ = _sbss
 *(.bss)
 .bss           0x00000000200004a0       0x1c /home/martin/opt/st/stm32cubeide_1.5.1/plugins/com.st.stm32cube.ide.mcu.externaltools.gnu-tools-for-stm32.7-2018-q2-update.linux64_1.5.0.202011040924/tools/bin/../lib/gcc/arm-none-eabi/7.3.1/thumb/v7e-m/fpv4-sp/hard/crtbegin.o
 *(.bss*)
 .bss.__sbrk_heap_end
                0x00000000200004bc        0x4 Core/Src/sysmem.o
 .bss.cfgidx.10925
                0x00000000200004c0        0x1 Middlewares/ST/STM32_USB_Device_Library/Core/Src/usbd_ctlreq.o
 *fill*         0x00000000200004c1        0x3 
 .bss.__malloc_free_list
                0x00000000200004c4        0x4 /home/martin/opt/st/stm32cubeide_1.5.1/plugins/com.st.stm32cube.ide.mcu.externaltools.gnu-tools-for-stm32.7-2018-q2-update.linux64_1.5.0.202011040924/tools/bin/../lib/gcc/arm-none-eabi/7.3.1/../../../../arm-none-eabi/lib/thumb/v7e-m/fpv4-sp/hard/libc_nano.a(lib_a-nano-mallocr.o)
                0x00000000200004c4                __malloc_free_list
 .bss.__malloc_sbrk_start
                0x00000000200004c8        0x4 /home/martin/opt/st/stm32cubeide_1.5.1/plugins/com.st.stm32cube.ide.mcu.externaltools.gnu-tools-for-stm32.7-2018-q2-update.linux64_1.5.0.202011040924/tools/bin/../lib/gcc/arm-none-eabi/7.3.1/../../../../arm-none-eabi/lib/thumb/v7e-m/fpv4-sp/hard/libc_nano.a(lib_a-nano-mallocr.o)
                0x00000000200004c8                __malloc_sbrk_start
 *(COMMON)
 COMMON         0x00000000200004cc      0x4d4 Core/Src/main.o
                0x00000000200004cc                hi2c1
                0x0000000020000520                msg
                0x0000000020000920                htim3
                0x0000000020000960                htim9
 COMMON         0x00000000200009a0        0x4 Drivers/STM32F4xx_HAL_Driver/Src/stm32f4xx_hal.o
                0x00000000200009a0                uwTick
 COMMON         0x00000000200009a4      0x2d0 USB_DEVICE/App/usb_device.o
                0x00000000200009a4                hUsbDeviceFS
 COMMON         0x0000000020000c74     0x1004 USB_DEVICE/App/usbd_cdc_if.o
                0x0000000020000c74                Status
                0x0000000020000c78                UserRxBufferFS
                0x0000000020001478                UserTxBufferFS
 COMMON         0x0000000020001c78      0x200 USB_DEVICE/App/usbd_desc.o
                0x0000000020001c78                USBD_StrDesc
 COMMON         0x0000000020001e78      0x408 USB_DEVICE/Target/usbd_conf.o
                0x0000000020001e78                hpcd_USB_OTG_FS
 COMMON         0x0000000020002280        0x4 /home/martin/opt/st/stm32cubeide_1.5.1/plugins/com.st.stm32cube.ide.mcu.externaltools.gnu-tools-for-stm32.7-2018-q2-update.linux64_1.5.0.202011040924/tools/bin/../lib/gcc/arm-none-eabi/7.3.1/../../../../arm-none-eabi/lib/thumb/v7e-m/fpv4-sp/hard/libc_nano.a(lib_a-reent.o)
                0x0000000020002280                errno
                0x0000000020002284                . = ALIGN (0x4)
                0x0000000020002284                _ebss = .
                0x0000000020002284                __bss_end__ = _ebss

._user_heap_stack
                0x0000000020002284      0x604 load address 0x000000000800e4b0
                0x0000000020002288                . = ALIGN (0x8)
 *fill*         0x0000000020002284        0x4 
                [!provide]                        PROVIDE (end = .)
                0x0000000020002288                PROVIDE (_end = .)
                0x0000000020002488                . = (. + _Min_Heap_Size)
 *fill*         0x0000000020002288      0x200 
                0x0000000020002888                . = (. + _Min_Stack_Size)
 *fill*         0x0000000020002488      0x400 
                0x0000000020002888                . = ALIGN (0x8)

/DISCARD/
 libc.a(*)
 libm.a(*)
 libgcc.a(*)

.ARM.attributes
                0x0000000000000000       0x30
 *(.ARM.attributes)
 .ARM.attributes
                0x0000000000000000       0x22 /home/martin/opt/st/stm32cubeide_1.5.1/plugins/com.st.stm32cube.ide.mcu.externaltools.gnu-tools-for-stm32.7-2018-q2-update.linux64_1.5.0.202011040924/tools/bin/../lib/gcc/arm-none-eabi/7.3.1/thumb/v7e-m/fpv4-sp/hard/crti.o
 .ARM.attributes
                0x0000000000000022       0x34 /home/martin/opt/st/stm32cubeide_1.5.1/plugins/com.st.stm32cube.ide.mcu.externaltools.gnu-tools-for-stm32.7-2018-q2-update.linux64_1.5.0.202011040924/tools/bin/../lib/gcc/arm-none-eabi/7.3.1/thumb/v7e-m/fpv4-sp/hard/crtbegin.o
 .ARM.attributes
                0x0000000000000056       0x39 Core/Src/main.o
 .ARM.attributes
                0x000000000000008f       0x39 Core/Src/stm32f4xx_hal_msp.o
 .ARM.attributes
                0x00000000000000c8       0x39 Core/Src/stm32f4xx_it.o
 .ARM.attributes
                0x0000000000000101       0x39 Core/Src/sysmem.o
 .ARM.attributes
                0x000000000000013a       0x39 Core/Src/system_stm32f4xx.o
 .ARM.attributes
                0x0000000000000173       0x21 Core/Startup/startup_stm32f411ceux.o
 .ARM.attributes
                0x0000000000000194       0x39 Drivers/STM32F4xx_HAL_Driver/Src/stm32f4xx_hal.o
 .ARM.attributes
                0x00000000000001cd       0x39 Drivers/STM32F4xx_HAL_Driver/Src/stm32f4xx_hal_cortex.o
 .ARM.attributes
                0x0000000000000206       0x39 Drivers/STM32F4xx_HAL_Driver/Src/stm32f4xx_hal_gpio.o
 .ARM.attributes
                0x000000000000023f       0x39 Drivers/STM32F4xx_HAL_Driver/Src/stm32f4xx_hal_i2c.o
 .ARM.attributes
                0x0000000000000278       0x39 Drivers/STM32F4xx_HAL_Driver/Src/stm32f4xx_hal_pcd.o
 .ARM.attributes
                0x00000000000002b1       0x39 Drivers/STM32F4xx_HAL_Driver/Src/stm32f4xx_hal_pcd_ex.o
 .ARM.attributes
                0x00000000000002ea       0x39 Drivers/STM32F4xx_HAL_Driver/Src/stm32f4xx_hal_rcc.o
 .ARM.attributes
                0x0000000000000323       0x39 Drivers/STM32F4xx_HAL_Driver/Src/stm32f4xx_hal_tim.o
 .ARM.attributes