main.c:88:6:cdc_printf	16	static
main.c:97:6:ag_whoami	32	static
main.c:102:5:ag_set_gyro_sample_rate	32	static
main.c:107:5:ag_get_gyro_sample_rate	32	static
main.c:112:5:ag_set_gyro_config	32	static
main.c:128:5:ag_get_gyro_config	32	static
main.c:132:5:ag_set_acel_config	32	static
main.c:148:5:ag_get_acel_config	32	static
main.c:153:5:ag_get_data	56	static
main.c:170:5:ag_pwr_mgmt	48	static
main.c:195:5:main	48	static
main.c:270:6:SystemClock_Config	88	static
main.c:314:13:MX_I2C1_Init	8	static
main.c:348:13:MX_TIM3_Init	32	static
main.c:393:13:MX_TIM9_Init	24	static
main.c:431:13:MX_GPIO_Init	24	static
main.c:449:6:Error_Handler	4	static,ignoring_inline_asm
