vl53l0x_i2c_win_serial_comms.c:61:9:_check_min_version	4	static
vl53l0x_i2c_win_serial_comms.c:66:5:VL53L0X_i2c_init	16	static
vl53l0x_i2c_win_serial_comms.c:141:9:VL53L0X_comms_close	4	static
vl53l0x_i2c_win_serial_comms.c:165:9:VL53L0X_write_multi	48	static
vl53l0x_i2c_win_serial_comms.c:227:9:VL53L0X_read_multi	48	static
vl53l0x_i2c_win_serial_comms.c:297:9:VL53L0X_write_byte	24	static
vl53l0x_i2c_win_serial_comms.c:309:9:VL53L0X_write_word	24	static
vl53l0x_i2c_win_serial_comms.c:336:9:VL53L0X_write_dword	24	static
vl53l0x_i2c_win_serial_comms.c:354:9:VL53L0X_read_byte	24	static
vl53l0x_i2c_win_serial_comms.c:366:9:VL53L0X_read_word	24	static
vl53l0x_i2c_win_serial_comms.c:378:9:VL53L0X_read_dword	24	static
vl53l0x_i2c_win_serial_comms.c:395:9:VL53L0X_write_multi16	24	static
vl53l0x_i2c_win_serial_comms.c:431:9:VL53L0X_read_multi16	24	static
vl53l0x_i2c_win_serial_comms.c:488:9:VL53L0X_write_byte16	16	static
vl53l0x_i2c_win_serial_comms.c:494:9:VL53L0X_write_word16	16	static
vl53l0x_i2c_win_serial_comms.c:522:9:VL53L0X_write_dword16	16	static
vl53l0x_i2c_win_serial_comms.c:542:9:VL53L0X_read_byte16	16	static
vl53l0x_i2c_win_serial_comms.c:560:9:VL53L0X_read_word16	16	static
vl53l0x_i2c_win_serial_comms.c:574:9:VL53L0X_read_dword16	16	static
vl53l0x_i2c_win_serial_comms.c:590:9:VL53L0X_platform_wait_us	24	static
vl53l0x_i2c_win_serial_comms.c:611:9:VL53L0X_wait_ms	16	static
vl53l0x_i2c_win_serial_comms.c:617:9:VL53L0X_set_gpio	24	static
vl53l0x_i2c_win_serial_comms.c:626:9:VL53L0X_get_gpio	24	static
vl53l0x_i2c_win_serial_comms.c:633:9:VL53L0X_release_gpio	16	static
vl53l0x_i2c_win_serial_comms.c:640:9:VL53L0X_cycle_power	16	static
vl53l0x_i2c_win_serial_comms.c:647:9:VL53L0X_get_timer_frequency	16	static
vl53l0x_i2c_win_serial_comms.c:654:9:VL53L0X_get_timer_value	16	static
