main.c:75:6:print_pal_error	48	static
main.c:83:6:cdc_printf	16	static
main.c:92:6:print_range_status	56	static
main.c:112:15:TOF_Init	24	static
main.c:184:9:motor_set_direction	16	static
main.c:220:9:motor_set_speed	16	static
main.c:234:9:motor_set_config	16	static
main.c:268:10:TOF_Single_Range	48	static
main.c:287:5:main	504	static
main.c:413:6:SystemClock_Config	88	static
main.c:457:13:MX_I2C1_Init	8	static
main.c:491:13:MX_TIM1_Init	96	static
main.c:566:13:MX_TIM2_Init	56	static
main.c:615:13:MX_TIM3_Init	56	static
main.c:664:13:MX_TIM5_Init	64	static
main.c:723:13:MX_TIM9_Init	24	static
main.c:761:13:MX_TIM10_Init	40	static
main.c:807:13:MX_GPIO_Init	40	static
main.c:836:6:Error_Handler	4	static,ignoring_inline_asm
